Archive member included to satisfy reference by file (symbol)

c:/st/stm32cubeide_1.0.2/stm32cubeide/plugins/com.st.stm32cube.ide.mcu.externaltools.gnu-tools-for-stm32.7-2018-q2-update.win32_1.0.0.201904181610/tools/bin/../lib/gcc/arm-none-eabi/7.3.1/../../../../arm-none-eabi/lib/thumb/v7-m\libc_nano.a(lib_a-errno.o)
                              Src/syscalls.o (__errno)
c:/st/stm32cubeide_1.0.2/stm32cubeide/plugins/com.st.stm32cube.ide.mcu.externaltools.gnu-tools-for-stm32.7-2018-q2-update.win32_1.0.0.201904181610/tools/bin/../lib/gcc/arm-none-eabi/7.3.1/../../../../arm-none-eabi/lib/thumb/v7-m\libc_nano.a(lib_a-exit.o)
                              c:/st/stm32cubeide_1.0.2/stm32cubeide/plugins/com.st.stm32cube.ide.mcu.externaltools.gnu-tools-for-stm32.7-2018-q2-update.win32_1.0.0.201904181610/tools/bin/../lib/gcc/arm-none-eabi/7.3.1/../../../../arm-none-eabi/lib/thumb/v7-m/crt0.o (exit)
c:/st/stm32cubeide_1.0.2/stm32cubeide/plugins/com.st.stm32cube.ide.mcu.externaltools.gnu-tools-for-stm32.7-2018-q2-update.win32_1.0.0.201904181610/tools/bin/../lib/gcc/arm-none-eabi/7.3.1/../../../../arm-none-eabi/lib/thumb/v7-m\libc_nano.a(lib_a-impure.o)
                              c:/st/stm32cubeide_1.0.2/stm32cubeide/plugins/com.st.stm32cube.ide.mcu.externaltools.gnu-tools-for-stm32.7-2018-q2-update.win32_1.0.0.201904181610/tools/bin/../lib/gcc/arm-none-eabi/7.3.1/../../../../arm-none-eabi/lib/thumb/v7-m\libc_nano.a(lib_a-exit.o) (_global_impure_ptr)
c:/st/stm32cubeide_1.0.2/stm32cubeide/plugins/com.st.stm32cube.ide.mcu.externaltools.gnu-tools-for-stm32.7-2018-q2-update.win32_1.0.0.201904181610/tools/bin/../lib/gcc/arm-none-eabi/7.3.1/../../../../arm-none-eabi/lib/thumb/v7-m\libc_nano.a(lib_a-init.o)
                              c:/st/stm32cubeide_1.0.2/stm32cubeide/plugins/com.st.stm32cube.ide.mcu.externaltools.gnu-tools-for-stm32.7-2018-q2-update.win32_1.0.0.201904181610/tools/bin/../lib/gcc/arm-none-eabi/7.3.1/../../../../arm-none-eabi/lib/thumb/v7-m/crt0.o (__libc_init_array)
c:/st/stm32cubeide_1.0.2/stm32cubeide/plugins/com.st.stm32cube.ide.mcu.externaltools.gnu-tools-for-stm32.7-2018-q2-update.win32_1.0.0.201904181610/tools/bin/../lib/gcc/arm-none-eabi/7.3.1/../../../../arm-none-eabi/lib/thumb/v7-m\libc_nano.a(lib_a-memmove.o)
                              Src/main.o (memmove)
c:/st/stm32cubeide_1.0.2/stm32cubeide/plugins/com.st.stm32cube.ide.mcu.externaltools.gnu-tools-for-stm32.7-2018-q2-update.win32_1.0.0.201904181610/tools/bin/../lib/gcc/arm-none-eabi/7.3.1/../../../../arm-none-eabi/lib/thumb/v7-m\libc_nano.a(lib_a-memset.o)
                              c:/st/stm32cubeide_1.0.2/stm32cubeide/plugins/com.st.stm32cube.ide.mcu.externaltools.gnu-tools-for-stm32.7-2018-q2-update.win32_1.0.0.201904181610/tools/bin/../lib/gcc/arm-none-eabi/7.3.1/../../../../arm-none-eabi/lib/thumb/v7-m/crt0.o (memset)
c:/st/stm32cubeide_1.0.2/stm32cubeide/plugins/com.st.stm32cube.ide.mcu.externaltools.gnu-tools-for-stm32.7-2018-q2-update.win32_1.0.0.201904181610/tools/bin/../lib/gcc/arm-none-eabi/7.3.1/thumb/v7-m\libgcc.a(_arm_addsubdf3.o)
                              Src/main.o (__aeabi_ui2d)
c:/st/stm32cubeide_1.0.2/stm32cubeide/plugins/com.st.stm32cube.ide.mcu.externaltools.gnu-tools-for-stm32.7-2018-q2-update.win32_1.0.0.201904181610/tools/bin/../lib/gcc/arm-none-eabi/7.3.1/thumb/v7-m\libgcc.a(_arm_muldivdf3.o)
                              Src/main.o (__aeabi_dmul)
c:/st/stm32cubeide_1.0.2/stm32cubeide/plugins/com.st.stm32cube.ide.mcu.externaltools.gnu-tools-for-stm32.7-2018-q2-update.win32_1.0.0.201904181610/tools/bin/../lib/gcc/arm-none-eabi/7.3.1/thumb/v7-m\libgcc.a(_arm_fixunsdfsi.o)
                              Src/main.o (__aeabi_d2uiz)

Allocating common symbols
Common symbol       size              file

hUsbDeviceFS        0x2c4             Src/usb_device.o
uwTick              0x4               Drivers/STM32F1xx_HAL_Driver/Src/stm32f1xx_hal.o
pFlash              0x20              Drivers/STM32F1xx_HAL_Driver/Src/stm32f1xx_hal_flash.o
Freq_Times          0x190             Src/main.o
Flag_end_Transaction
                    0x2               Src/main.o
USB_RX_Buffer       0x40              Src/main.o
Gains               0xc8              Src/main.o
HostMsgVerified     0x2               Src/main.o
DDS_Freqs           0x190             Src/main.o
Freq_time           0x4               Src/main.o
USB_TX_Buffer       0x40              Src/main.o
Freqs_numbers       0x2               Src/main.o
hpcd_USB_FS         0x26c             Src/usbd_conf.o
USBD_StrDesc        0x200             Src/usbd_desc.o
index_checker       0xc8              Src/main.o

Discarded input sections

 .text          0x0000000000000000        0x0 c:/st/stm32cubeide_1.0.2/stm32cubeide/plugins/com.st.stm32cube.ide.mcu.externaltools.gnu-tools-for-stm32.7-2018-q2-update.win32_1.0.0.201904181610/tools/bin/../lib/gcc/arm-none-eabi/7.3.1/thumb/v7-m/crti.o
[...]
Memory Configuration

Name             Origin             Length             Attributes
RAM              0x0000000020000000 0x0000000000005000 xrw
FLASH            0x0000000008000000 0x0000000000010000 xr
*default*        0x0000000000000000 0xffffffffffffffff

Linker script and memory map

LOAD c:/st/stm32cubeide_1.0.2/stm32cubeide/plugins/com.st.stm32cube.ide.mcu.externaltools.gnu-tools-for-stm32.7-2018-q2-update.win32_1.0.0.201904181610/tools/bin/../lib/gcc/arm-none-eabi/7.3.1/thumb/v7-m/crti.o
LOAD c:/st/stm32cubeide_1.0.2/stm32cubeide/plugins/com.st.stm32cube.ide.mcu.externaltools.gnu-tools-for-stm32.7-2018-q2-update.win32_1.0.0.201904181610/tools/bin/../lib/gcc/arm-none-eabi/7.3.1/thumb/v7-m/crtbegin.o
LOAD c:/st/stm32cubeide_1.0.2/stm32cubeide/plugins/com.st.stm32cube.ide.mcu.externaltools.gnu-tools-for-stm32.7-2018-q2-update.win32_1.0.0.201904181610/tools/bin/../lib/gcc/arm-none-eabi/7.3.1/../../../../arm-none-eabi/lib/thumb/v7-m/crt0.o
LOAD Drivers/STM32F1xx_HAL_Driver/Src/stm32f1xx_hal.o
LOAD Drivers/STM32F1xx_HAL_Driver/Src/stm32f1xx_hal_cortex.o
LOAD Drivers/STM32F1xx_HAL_Driver/Src/stm32f1xx_hal_dma.o
LOAD Drivers/STM32F1xx_HAL_Driver/Src/stm32f1xx_hal_exti.o
LOAD Drivers/STM32F1xx_HAL_Driver/Src/stm32f1xx_hal_flash.o
LOAD Drivers/STM32F1xx_HAL_Driver/Src/stm32f1xx_hal_flash_ex.o
LOAD Drivers/STM32F1xx_HAL_Driver/Src/stm32f1xx_hal_gpio.o
LOAD Drivers/STM32F1xx_HAL_Driver/Src/stm32f1xx_hal_gpio_ex.o
LOAD Drivers/STM32F1xx_HAL_Driver/Src/stm32f1xx_hal_pcd.o
LOAD Drivers/STM32F1xx_HAL_Driver/Src/stm32f1xx_hal_pcd_ex.o
LOAD Drivers/STM32F1xx_HAL_Driver/Src/stm32f1xx_hal_pwr.o
LOAD Drivers/STM32F1xx_HAL_Driver/Src/stm32f1xx_hal_rcc.o
LOAD Drivers/STM32F1xx_HAL_Driver/Src/stm32f1xx_hal_rcc_ex.o
LOAD Drivers/STM32F1xx_HAL_Driver/Src/stm32f1xx_hal_tim.o
LOAD Drivers/STM32F1xx_HAL_Driver/Src/stm32f1xx_hal_tim_ex.o
LOAD Drivers/STM32F1xx_HAL_Driver/Src/stm32f1xx_ll_usb.o
LOAD Middlewares/ST/STM32_USB_Device_Library/Class/CustomHID/Src/usbd_customhid.o
LOAD Middlewares/ST/STM32_USB_Device_Library/Core/Src/usbd_core.o
LOAD Middlewares/ST/STM32_USB_Device_Library/Core/Src/usbd_ctlreq.o
LOAD Middlewares/ST/STM32_USB_Device_Library/Core/Src/usbd_ioreq.o
LOAD Src/delay.o
LOAD Src/main.o
LOAD Src/stm32f1xx_hal_msp.o
LOAD Src/stm32f1xx_it.o
LOAD Src/syscalls.o
LOAD Src/sysmem.o
LOAD Src/system_stm32f1xx.o
LOAD Src/usb_device.o
LOAD Src/usbd_conf.o
LOAD Src/usbd_custom_hid_if.o
LOAD Src/usbd_desc.o
LOAD Startup/startup_stm32f103c8tx.o
START GROUP
LOAD c:/st/stm32cubeide_1.0.2/stm32cubeide/plugins/com.st.stm32cube.ide.mcu.externaltools.gnu-tools-for-stm32.7-2018-q2-update.win32_1.0.0.201904181610/tools/bin/../lib/gcc/arm-none-eabi/7.3.1/../../../../arm-none-eabi/lib/thumb/v7-m\libc_nano.a
LOAD c:/st/stm32cubeide_1.0.2/stm32cubeide/plugins/com.st.stm32cube.ide.mcu.externaltools.gnu-tools-for-stm32.7-2018-q2-update.win32_1.0.0.201904181610/tools/bin/../lib/gcc/arm-none-eabi/7.3.1/../../../../arm-none-eabi/lib/thumb/v7-m\libm.a
END GROUP
START GROUP
LOAD c:/st/stm32cubeide_1.0.2/stm32cubeide/plugins/com.st.stm32cube.ide.mcu.externaltools.gnu-tools-for-stm32.7-2018-q2-update.win32_1.0.0.201904181610/tools/bin/../lib/gcc/arm-none-eabi/7.3.1/thumb/v7-m\libgcc.a
LOAD c:/st/stm32cubeide_1.0.2/stm32cubeide/plugins/com.st.stm32cube.ide.mcu.externaltools.gnu-tools-for-stm32.7-2018-q2-update.win32_1.0.0.201904181610/tools/bin/../lib/gcc/arm-none-eabi/7.3.1/../../../../arm-none-eabi/lib/thumb/v7-m\libc_nano.a
END GROUP
START GROUP
LOAD c:/st/stm32cubeide_1.0.2/stm32cubeide/plugins/com.st.stm32cube.ide.mcu.externaltools.gnu-tools-for-stm32.7-2018-q2-update.win32_1.0.0.201904181610/tools/bin/../lib/gcc/arm-none-eabi/7.3.1/thumb/v7-m\libgcc.a
LOAD c:/st/stm32cubeide_1.0.2/stm32cubeide/plugins/com.st.stm32cube.ide.mcu.externaltools.gnu-tools-for-stm32.7-2018-q2-update.win32_1.0.0.201904181610/tools/bin/../lib/gcc/arm-none-eabi/7.3.1/../../../../arm-none-eabi/lib/thumb/v7-m\libc_nano.a
LOAD c:/st/stm32cubeide_1.0.2/stm32cubeide/plugins/com.st.stm32cube.ide.mcu.externaltools.gnu-tools-for-stm32.7-2018-q2-update.win32_1.0.0.201904181610/tools/bin/../lib/gcc/arm-none-eabi/7.3.1/../../../../arm-none-eabi/lib/thumb/v7-m\libnosys.a
END GROUP
START GROUP
LOAD c:/st/stm32cubeide_1.0.2/stm32cubeide/plugins/com.st.stm32cube.ide.mcu.externaltools.gnu-tools-for-stm32.7-2018-q2-update.win32_1.0.0.201904181610/tools/bin/../lib/gcc/arm-none-eabi/7.3.1/thumb/v7-m\libgcc.a
LOAD c:/st/stm32cubeide_1.0.2/stm32cubeide/plugins/com.st.stm32cube.ide.mcu.externaltools.gnu-tools-for-stm32.7-2018-q2-update.win32_1.0.0.201904181610/tools/bin/../lib/gcc/arm-none-eabi/7.3.1/../../../../arm-none-eabi/lib/thumb/v7-m\libc_nano.a
LOAD c:/st/stm32cubeide_1.0.2/stm32cubeide/plugins/com.st.stm32cube.ide.mcu.externaltools.gnu-tools-for-stm32.7-2018-q2-update.win32_1.0.0.201904181610/tools/bin/../lib/gcc/arm-none-eabi/7.3.1/../../../../arm-none-eabi/lib/thumb/v7-m\libnosys.a
END GROUP
LOAD c:/st/stm32cubeide_1.0.2/stm32cubeide/plugins/com.st.stm32cube.ide.mcu.externaltools.gnu-tools-for-stm32.7-2018-q2-update.win32_1.0.0.201904181610/tools/bin/../lib/gcc/arm-none-eabi/7.3.1/thumb/v7-m/crtend.o
LOAD c:/st/stm32cubeide_1.0.2/stm32cubeide/plugins/com.st.stm32cube.ide.mcu.externaltools.gnu-tools-for-stm32.7-2018-q2-update.win32_1.0.0.201904181610/tools/bin/../lib/gcc/arm-none-eabi/7.3.1/thumb/v7-m/crtn.o
                0x0000000020005000                _estack = 0x20005000
                0x0000000000000200                _Min_Heap_Size = 0x200
                0x0000000000000400                _Min_Stack_Size = 0x400

.isr_vector     0x0000000008000000      0x10c
                0x0000000008000000                . = ALIGN (0x4)
 *(.isr_vector)
 .isr_vector    0x0000000008000000      0x10c Startup/startup_stm32f103c8tx.o
                0x0000000008000000                g_pfnVectors
                0x000000000800010c                . = ALIGN (0x4)

.text           0x0000000008000110     0x3f70
                0x0000000008000110                . = ALIGN (0x4)
 *(.text)
 .text          0x0000000008000110       0x40 c:/st/stm32cubeide_1.0.2/stm32cubeide/plugins/com.st.stm32cube.ide.mcu.externaltools.gnu-tools-for-stm32.7-2018-q2-update.win32_1.0.0.201904181610/tools/bin/../lib/gcc/arm-none-eabi/7.3.1/thumb/v7-m/crtbegin.o
 .text          0x0000000008000150      0x378 c:/st/stm32cubeide_1.0.2/stm32cubeide/plugins/com.st.stm32cube.ide.mcu.externaltools.gnu-tools-for-stm32.7-2018-q2-update.win32_1.0.0.201904181610/tools/bin/../lib/gcc/arm-none-eabi/7.3.1/thumb/v7-m\libgcc.a(_arm_addsubdf3.o)
                0x0000000008000150                __aeabi_drsub
                0x0000000008000158                __aeabi_dsub
                0x0000000008000158                __subdf3
                0x000000000800015c                __aeabi_dadd
                0x000000000800015c                __adddf3
                0x00000000080003d4                __floatunsidf
                0x00000000080003d4                __aeabi_ui2d
                0x00000000080003f4                __floatsidf
                0x00000000080003f4                __aeabi_i2d
                0x0000000008000418                __aeabi_f2d
                0x0000000008000418                __extendsfdf2
                0x000000000800045c                __floatundidf
                0x000000000800045c                __aeabi_ul2d
                0x000000000800046c                __floatdidf
                0x000000000800046c                __aeabi_l2d
 .text          0x00000000080004c8      0x424 c:/st/stm32cubeide_1.0.2/stm32cubeide/plugins/com.st.stm32cube.ide.mcu.externaltools.gnu-tools-for-stm32.7-2018-q2-update.win32_1.0.0.201904181610/tools/bin/../lib/gcc/arm-none-eabi/7.3.1/thumb/v7-m\libgcc.a(_arm_muldivdf3.o)
                0x00000000080004c8                __aeabi_dmul
                0x00000000080004c8                __muldf3
                0x000000000800071c                __divdf3
                0x000000000800071c                __aeabi_ddiv
 .text          0x00000000080008ec       0x40 c:/st/stm32cubeide_1.0.2/stm32cubeide/plugins/com.st.stm32cube.ide.mcu.externaltools.gnu-tools-for-stm32.7-2018-q2-update.win32_1.0.0.201904181610/tools/bin/../lib/gcc/arm-none-eabi/7.3.1/thumb/v7-m\libgcc.a(_arm_fixunsdfsi.o)
                0x00000000080008ec                __aeabi_d2uiz
                0x00000000080008ec                __fixunsdfsi
 *(.text*)
 .text.HAL_InitTick
                0x000000000800092c       0x48 Drivers/STM32F1xx_HAL_Driver/Src/stm32f1xx_hal.o
                0x000000000800092c                HAL_InitTick
 .text.HAL_Init
                0x0000000008000974       0x24 Drivers/STM32F1xx_HAL_Driver/Src/stm32f1xx_hal.o
                0x0000000008000974                HAL_Init
 .text.HAL_IncTick
                0x0000000008000998       0x18 Drivers/STM32F1xx_HAL_Driver/Src/stm32f1xx_hal.o
                0x0000000008000998                HAL_IncTick
 .text.HAL_GetTick
                0x00000000080009b0        0xc Drivers/STM32F1xx_HAL_Driver/Src/stm32f1xx_hal.o
                0x00000000080009b0                HAL_GetTick
 .text.HAL_Delay
                0x00000000080009bc       0x24 Drivers/STM32F1xx_HAL_Driver/Src/stm32f1xx_hal.o
                0x00000000080009bc                HAL_Delay
 .text.HAL_NVIC_SetPriorityGrouping
                0x00000000080009e0       0x24 Drivers/STM32F1xx_HAL_Driver/Src/stm32f1xx_hal_cortex.o
                0x00000000080009e0                HAL_NVIC_SetPriorityGrouping
 .text.HAL_NVIC_SetPriority
                0x0000000008000a04       0x6c Drivers/STM32F1xx_HAL_Driver/Src/stm32f1xx_hal_cortex.o
                0x0000000008000a04                HAL_NVIC_SetPriority
 .text.HAL_NVIC_EnableIRQ
                0x0000000008000a70       0x1c Drivers/STM32F1xx_HAL_Driver/Src/stm32f1xx_hal_cortex.o
                0x0000000008000a70                HAL_NVIC_EnableIRQ
 .text.HAL_SYSTICK_Config
                0x0000000008000a8c       0x30 Drivers/STM32F1xx_HAL_Driver/Src/stm32f1xx_hal_cortex.o
                0x0000000008000a8c                HAL_SYSTICK_Config
 .text.HAL_GPIO_Init
                0x0000000008000abc      0x1f4 Drivers/STM32F1xx_HAL_Driver/Src/stm32f1xx_hal_gpio.o
                0x0000000008000abc                HAL_GPIO_Init
 .text.HAL_GPIO_WritePin
                0x0000000008000cb0        0x8 Drivers/STM32F1xx_HAL_Driver/Src/stm32f1xx_hal_gpio.o
                0x0000000008000cb0                HAL_GPIO_WritePin
 .text.HAL_PCD_Init
                0x0000000008000cb8       0xfc Drivers/STM32F1xx_HAL_Driver/Src/stm32f1xx_hal_pcd.o
                0x0000000008000cb8                HAL_PCD_Init
 .text.HAL_PCD_Start
                0x0000000008000db4       0x30 Drivers/STM32F1xx_HAL_Driver/Src/stm32f1xx_hal_pcd.o
                0x0000000008000db4                HAL_PCD_Start
 .text.HAL_PCD_IRQHandler
                0x0000000008000de4      0x4dc Drivers/STM32F1xx_HAL_Driver/Src/stm32f1xx_hal_pcd.o
                0x0000000008000de4                HAL_PCD_IRQHandler
 .text.HAL_PCD_SetAddress
                0x00000000080012c0       0x28 Drivers/STM32F1xx_HAL_Driver/Src/stm32f1xx_hal_pcd.o
                0x00000000080012c0                HAL_PCD_SetAddress
 .text.HAL_PCD_EP_Open
                0x00000000080012e8       0x64 Drivers/STM32F1xx_HAL_Driver/Src/stm32f1xx_hal_pcd.o
                0x00000000080012e8                HAL_PCD_EP_Open
 .text.HAL_PCD_EP_Close
                0x000000000800134c       0x58 Drivers/STM32F1xx_HAL_Driver/Src/stm32f1xx_hal_pcd.o
                0x000000000800134c                HAL_PCD_EP_Close
 .text.HAL_PCD_EP_Receive
                0x00000000080013a4       0x30 Drivers/STM32F1xx_HAL_Driver/Src/stm32f1xx_hal_pcd.o
                0x00000000080013a4                HAL_PCD_EP_Receive
 .text.HAL_PCD_EP_Transmit
                0x00000000080013d4       0x2c Drivers/STM32F1xx_HAL_Driver/Src/stm32f1xx_hal_pcd.o
                0x00000000080013d4                HAL_PCD_EP_Transmit
 .text.HAL_PCD_EP_SetStall
                0x0000000008001400       0x78 Drivers/STM32F1xx_HAL_Driver/Src/stm32f1xx_hal_pcd.o
                0x0000000008001400                HAL_PCD_EP_SetStall
 .text.HAL_PCD_EP_ClrStall
                0x0000000008001478       0x70 Drivers/STM32F1xx_HAL_Driver/Src/stm32f1xx_hal_pcd.o
                0x0000000008001478                HAL_PCD_EP_ClrStall
 .text.HAL_PCDEx_PMAConfig
                0x00000000080014e8       0x38 Drivers/STM32F1xx_HAL_Driver/Src/stm32f1xx_hal_pcd_ex.o
                0x00000000080014e8                HAL_PCDEx_PMAConfig
 .text.HAL_RCC_OscConfig
                0x0000000008001520      0x3f0 Drivers/STM32F1xx_HAL_Driver/Src/stm32f1xx_hal_rcc.o
                0x0000000008001520                HAL_RCC_OscConfig
 .text.HAL_RCC_ClockConfig
                0x0000000008001910      0x1ac Drivers/STM32F1xx_HAL_Driver/Src/stm32f1xx_hal_rcc.o
                0x0000000008001910                HAL_RCC_ClockConfig
 .text.HAL_RCC_GetHCLKFreq
                0x0000000008001abc        0xc Drivers/STM32F1xx_HAL_Driver/Src/stm32f1xx_hal_rcc.o
                0x0000000008001abc                HAL_RCC_GetHCLKFreq
 .text.HAL_RCCEx_PeriphCLKConfig
                0x0000000008001ac8      0x104 Drivers/STM32F1xx_HAL_Driver/Src/stm32f1xx_hal_rcc_ex.o
                0x0000000008001ac8                HAL_RCCEx_PeriphCLKConfig
 .text.USB_CoreInit
                0x0000000008001bcc       0x10 Drivers/STM32F1xx_HAL_Driver/Src/stm32f1xx_ll_usb.o
                0x0000000008001bcc                USB_CoreInit
 .text.USB_EnableGlobalInt
                0x0000000008001bdc       0x14 Drivers/STM32F1xx_HAL_Driver/Src/stm32f1xx_ll_usb.o
                0x0000000008001bdc                USB_EnableGlobalInt
 .text.USB_DisableGlobalInt
                0x0000000008001bf0       0x14 Drivers/STM32F1xx_HAL_Driver/Src/stm32f1xx_ll_usb.o
                0x0000000008001bf0                USB_DisableGlobalInt
 .text.USB_SetCurrentMode
                0x0000000008001c04        0x4 Drivers/STM32F1xx_HAL_Driver/Src/stm32f1xx_ll_usb.o
                0x0000000008001c04                USB_SetCurrentMode
 .text.USB_DevInit
                0x0000000008001c08       0x34 Drivers/STM32F1xx_HAL_Driver/Src/stm32f1xx_ll_usb.o
                0x0000000008001c08                USB_DevInit
 .text.USB_ActivateEndpoint
                0x0000000008001c3c      0x310 Drivers/STM32F1xx_HAL_Driver/Src/stm32f1xx_ll_usb.o
                0x0000000008001c3c                USB_ActivateEndpoint
 .text.USB_DeactivateEndpoint
                0x0000000008001f4c      0x1ac Drivers/STM32F1xx_HAL_Driver/Src/stm32f1xx_ll_usb.o
                0x0000000008001f4c                USB_DeactivateEndpoint
 .text.USB_EPStartXfer
                0x00000000080020f8      0x250 Drivers/STM32F1xx_HAL_Driver/Src/stm32f1xx_ll_usb.o
                0x00000000080020f8                USB_EPStartXfer
 .text.USB_EPSetStall
                0x0000000008002348       0x44 Drivers/STM32F1xx_HAL_Driver/Src/stm32f1xx_ll_usb.o
                0x0000000008002348                USB_EPSetStall
 .text.USB_EPClearStall
                0x000000000800238c       0xa8 Drivers/STM32F1xx_HAL_Driver/Src/stm32f1xx_ll_usb.o
                0x000000000800238c                USB_EPClearStall
 .text.USB_SetDevAddress
                0x0000000008002434        0xc Drivers/STM32F1xx_HAL_Driver/Src/stm32f1xx_ll_usb.o
                0x0000000008002434                USB_SetDevAddress
 .text.USB_DevConnect
                0x0000000008002440        0x4 Drivers/STM32F1xx_HAL_Driver/Src/stm32f1xx_ll_usb.o
                0x0000000008002440                USB_DevConnect
 .text.USB_DevDisconnect
                0x0000000008002444        0x4 Drivers/STM32F1xx_HAL_Driver/Src/stm32f1xx_ll_usb.o
                0x0000000008002444                USB_DevDisconnect
 .text.USB_ReadInterrupts
                0x0000000008002448        0x8 Drivers/STM32F1xx_HAL_Driver/Src/stm32f1xx_ll_usb.o
                0x0000000008002448                USB_ReadInterrupts
 .text.USB_EP0_OutStart
                0x0000000008002450        0x4 Drivers/STM32F1xx_HAL_Driver/Src/stm32f1xx_ll_usb.o
                0x0000000008002450                USB_EP0_OutStart
 .text.USB_ReadPMA
                0x0000000008002454       0x4c Drivers/STM32F1xx_HAL_Driver/Src/stm32f1xx_ll_usb.o
                0x0000000008002454                USB_ReadPMA
 .text.USBD_CUSTOM_HID_GetFSCfgDesc
                0x00000000080024a0        0xc Middlewares/ST/STM32_USB_Device_Library/Class/CustomHID/Src/usbd_customhid.o
 .text.USBD_CUSTOM_HID_GetHSCfgDesc
                0x00000000080024ac        0xc Middlewares/ST/STM32_USB_Device_Library/Class/CustomHID/Src/usbd_customhid.o
 .text.USBD_CUSTOM_HID_GetOtherSpeedCfgDesc
                0x00000000080024b8        0xc Middlewares/ST/STM32_USB_Device_Library/Class/CustomHID/Src/usbd_customhid.o
 .text.USBD_CUSTOM_HID_DataIn
                0x00000000080024c4       0x10 Middlewares/ST/STM32_USB_Device_Library/Class/CustomHID/Src/usbd_customhid.o
 .text.USBD_CUSTOM_HID_EP0_RxReady
                0x00000000080024d4       0x20 Middlewares/ST/STM32_USB_Device_Library/Class/CustomHID/Src/usbd_customhid.o
 .text.USBD_CUSTOM_HID_GetDeviceQualifierDesc
                0x00000000080024f4        0xc Middlewares/ST/STM32_USB_Device_Library/Class/CustomHID/Src/usbd_customhid.o
 .text.USBD_CUSTOM_HID_DataOut
                0x0000000008002500       0x24 Middlewares/ST/STM32_USB_Device_Library/Class/CustomHID/Src/usbd_customhid.o
 .text.USBD_CUSTOM_HID_Setup
                0x0000000008002524      0x148 Middlewares/ST/STM32_USB_Device_Library/Class/CustomHID/Src/usbd_customhid.o
 .text.USBD_CUSTOM_HID_DeInit
                0x000000000800266c       0x38 Middlewares/ST/STM32_USB_Device_Library/Class/CustomHID/Src/usbd_customhid.o
 .text.USBD_CUSTOM_HID_Init
                0x00000000080026a4       0x54 Middlewares/ST/STM32_USB_Device_Library/Class/CustomHID/Src/usbd_customhid.o
 .text.USBD_CUSTOM_HID_SendReport
                0x00000000080026f8       0x30 Middlewares/ST/STM32_USB_Device_Library/Class/CustomHID/Src/usbd_customhid.o
                0x00000000080026f8                USBD_CUSTOM_HID_SendReport
 .text.USBD_CUSTOM_HID_RegisterInterface
                0x0000000008002728       0x10 Middlewares/ST/STM32_USB_Device_Library/Class/CustomHID/Src/usbd_customhid.o
                0x0000000008002728                USBD_CUSTOM_HID_RegisterInterface
 .text.USBD_Init
                0x0000000008002738       0x2c Middlewares/ST/STM32_USB_Device_Library/Core/Src/usbd_core.o
                0x0000000008002738                USBD_Init
 .text.USBD_RegisterClass
                0x0000000008002764       0x10 Middlewares/ST/STM32_USB_Device_Library/Core/Src/usbd_core.o
                0x0000000008002764                USBD_RegisterClass
 .text.USBD_Start
                0x0000000008002774        0xc Middlewares/ST/STM32_USB_Device_Library/Core/Src/usbd_core.o
                0x0000000008002774                USBD_Start
 .text.USBD_SetClassConfig
                0x0000000008002780       0x14 Middlewares/ST/STM32_USB_Device_Library/Core/Src/usbd_core.o
                0x0000000008002780                USBD_SetClassConfig
 .text.USBD_ClrClassConfig
                0x0000000008002794       0x10 Middlewares/ST/STM32_USB_Device_Library/Core/Src/usbd_core.o
                0x0000000008002794                USBD_ClrClassConfig
 .text.USBD_LL_SetupStage
                0x00000000080027a4       0x60 Middlewares/ST/STM32_USB_Device_Library/Core/Src/usbd_core.o
                0x00000000080027a4                USBD_LL_SetupStage
 .text.USBD_LL_DataOutStage
                0x0000000008002804       0x80 Middlewares/ST/STM32_USB_Device_Library/Core/Src/usbd_core.o
                0x0000000008002804                USBD_LL_DataOutStage
 .text.USBD_LL_DataInStage
                0x0000000008002884       0xc0 Middlewares/ST/STM32_USB_Device_Library/Core/Src/usbd_core.o
                0x0000000008002884                USBD_LL_DataInStage
 .text.USBD_LL_Reset
                0x0000000008002944       0x50 Middlewares/ST/STM32_USB_Device_Library/Core/Src/usbd_core.o
                0x0000000008002944                USBD_LL_Reset
 .text.USBD_LL_SetSpeed
                0x0000000008002994        0x8 Middlewares/ST/STM32_USB_Device_Library/Core/Src/usbd_core.o
                0x0000000008002994                USBD_LL_SetSpeed
 .text.USBD_LL_Suspend
                0x000000000800299c       0x14 Middlewares/ST/STM32_USB_Device_Library/Core/Src/usbd_core.o
                0x000000000800299c                USBD_LL_Suspend
 .text.USBD_LL_Resume
                0x00000000080029b0       0x14 Middlewares/ST/STM32_USB_Device_Library/Core/Src/usbd_core.o
                0x00000000080029b0                USBD_LL_Resume
 .text.USBD_LL_SOF
                0x00000000080029c4       0x1c Middlewares/ST/STM32_USB_Device_Library/Core/Src/usbd_core.o
                0x00000000080029c4                USBD_LL_SOF
 .text.USBD_StdDevReq
                0x00000000080029e0      0x2fc Middlewares/ST/STM32_USB_Device_Library/Core/Src/usbd_ctlreq.o
                0x00000000080029e0                USBD_StdDevReq
 .text.USBD_StdItfReq
                0x0000000008002cdc       0x58 Middlewares/ST/STM32_USB_Device_Library/Core/Src/usbd_ctlreq.o
                0x0000000008002cdc                USBD_StdItfReq
 .text.USBD_StdEPReq
                0x0000000008002d34      0x12c Middlewares/ST/STM32_USB_Device_Library/Core/Src/usbd_ctlreq.o
                0x0000000008002d34                USBD_StdEPReq
 .text.USBD_ParseSetupRequest
                0x0000000008002e60       0x28 Middlewares/ST/STM32_USB_Device_Library/Core/Src/usbd_ctlreq.o
                0x0000000008002e60                USBD_ParseSetupRequest
 .text.USBD_CtlError
                0x0000000008002e88       0x18 Middlewares/ST/STM32_USB_Device_Library/Core/Src/usbd_ctlreq.o
                0x0000000008002e88                USBD_CtlError
 .text.USBD_GetString
                0x0000000008002ea0       0x4c Middlewares/ST/STM32_USB_Device_Library/Core/Src/usbd_ctlreq.o
                0x0000000008002ea0                USBD_GetString
 .text.USBD_CtlSendData
                0x0000000008002eec       0x1c Middlewares/ST/STM32_USB_Device_Library/Core/Src/usbd_ioreq.o
                0x0000000008002eec                USBD_CtlSendData
 .text.USBD_CtlContinueSendData
                0x0000000008002f08       0x10 Middlewares/ST/STM32_USB_Device_Library/Core/Src/usbd_ioreq.o
                0x0000000008002f08                USBD_CtlContinueSendData
 .text.USBD_CtlPrepareRx
                0x0000000008002f18       0x20 Middlewares/ST/STM32_USB_Device_Library/Core/Src/usbd_ioreq.o
                0x0000000008002f18                USBD_CtlPrepareRx
 .text.USBD_CtlContinueRx
                0x0000000008002f38       0x10 Middlewares/ST/STM32_USB_Device_Library/Core/Src/usbd_ioreq.o
                0x0000000008002f38                USBD_CtlContinueRx
 .text.USBD_CtlSendStatus
                0x0000000008002f48       0x18 Middlewares/ST/STM32_USB_Device_Library/Core/Src/usbd_ioreq.o
                0x0000000008002f48                USBD_CtlSendStatus
 .text.USBD_CtlReceiveStatus
                0x0000000008002f60       0x18 Middlewares/ST/STM32_USB_Device_Library/Core/Src/usbd_ioreq.o
                0x0000000008002f60                USBD_CtlReceiveStatus
 .text.DWT_Delay_Init
                0x0000000008002f78       0x40 Src/delay.o
                0x0000000008002f78                DWT_Delay_Init
 .text.SystemClock_Config
                0x0000000008002fb8       0x68 Src/main.o
                0x0000000008002fb8                SystemClock_Config
 .text.DDS_Set  0x0000000008003020      0x17c Src/main.o
                0x0000000008003020                DDS_Set
 *fill*         0x000000000800319c        0x4 
 .text.startup.main
                0x00000000080031a0      0x840 Src/main.o
                0x00000000080031a0                main
 .text.Error_Handler
                0x00000000080039e0        0x4 Src/main.o
                0x00000000080039e0                Error_Handler
 .text.HAL_MspInit
                0x00000000080039e4       0x40 Src/stm32f1xx_hal_msp.o
                0x00000000080039e4                HAL_MspInit
 .text.NMI_Handler
                0x0000000008003a24        0x4 Src/stm32f1xx_it.o
                0x0000000008003a24                NMI_Handler
 .text.HardFault_Handler
                0x0000000008003a28        0x4 Src/stm32f1xx_it.o
                0x0000000008003a28                HardFault_Handler
 .text.MemManage_Handler
                0x0000000008003a2c        0x4 Src/stm32f1xx_it.o
                0x0000000008003a2c                MemManage_Handler
 .text.BusFault_Handler
                0x0000000008003a30        0x4 Src/stm32f1xx_it.o
                0x0000000008003a30                BusFault_Handler
 .text.UsageFault_Handler
                0x0000000008003a34        0x4 Src/stm32f1xx_it.o
                0x0000000008003a34                UsageFault_Handler
 .text.SVC_Handler
                0x0000000008003a38        0x4 Src/stm32f1xx_it.o
                0x0000000008003a38                SVC_Handler
 .text.DebugMon_Handler
                0x0000000008003a3c        0x4 Src/stm32f1xx_it.o
                0x0000000008003a3c                DebugMon_Handler
 .text.PendSV_Handler
                0x0000000008003a40        0x4 Src/stm32f1xx_it.o
                0x0000000008003a40                PendSV_Handler
 .text.SysTick_Handler
                0x0000000008003a44        0x4 Src/stm32f1xx_it.o
                0x0000000008003a44                SysTick_Handler
 .text.USB_LP_CAN1_RX0_IRQHandler
                0x0000000008003a48        0xc Src/stm32f1xx_it.o
                0x0000000008003a48                USB_LP_CAN1_RX0_IRQHandler
 .text.SystemInit
                0x0000000008003a54       0x50 Src/system_stm32f1xx.o
                0x0000000008003a54                SystemInit
 .text.MX_USB_DEVICE_Init
                0x0000000008003aa4       0x58 Src/usb_device.o
                0x0000000008003aa4                MX_USB_DEVICE_Init
 .text.HAL_PCD_MspInit
                0x0000000008003afc       0x40 Src/usbd_conf.o
                0x0000000008003afc                HAL_PCD_MspInit
 .text.HAL_PCD_SetupStageCallback
                0x0000000008003b3c        0xc Src/usbd_conf.o
                0x0000000008003b3c                HAL_PCD_SetupStageCallback
 .text.HAL_PCD_DataOutStageCallback
                0x0000000008003b48       0x10 Src/usbd_conf.o
                0x0000000008003b48                HAL_PCD_DataOutStageCallback
 .text.HAL_PCD_DataInStageCallback
                0x0000000008003b58       0x10 Src/usbd_conf.o
                0x0000000008003b58                HAL_PCD_DataInStageCallback
 .text.HAL_PCD_SOFCallback
                0x0000000008003b68        0x8 Src/usbd_conf.o
                0x0000000008003b68                HAL_PCD_SOFCallback
 .text.HAL_PCD_ResetCallback
                0x0000000008003b70       0x24 Src/usbd_conf.o
                0x0000000008003b70                HAL_PCD_ResetCallback
 .text.HAL_PCD_SuspendCallback
                0x0000000008003b94       0x20 Src/usbd_conf.o
                0x0000000008003b94                HAL_PCD_SuspendCallback
 .text.HAL_PCD_ResumeCallback
                0x0000000008003bb4        0x8 Src/usbd_conf.o
                0x0000000008003bb4                HAL_PCD_ResumeCallback
 .text.USBD_LL_Init
                0x0000000008003bbc       0x74 Src/usbd_conf.o
                0x0000000008003bbc                USBD_LL_Init
 .text.USBD_LL_Start
                0x0000000008003c30       0x1c Src/usbd_conf.o
                0x0000000008003c30                USBD_LL_Start
 .text.USBD_LL_OpenEP
                0x0000000008003c4c       0x20 Src/usbd_conf.o
                0x0000000008003c4c                USBD_LL_OpenEP
 .text.USBD_LL_CloseEP
                0x0000000008003c6c       0x1c Src/usbd_conf.o
                0x0000000008003c6c                USBD_LL_CloseEP
 .text.USBD_LL_StallEP
                0x0000000008003c88       0x1c Src/usbd_conf.o
                0x0000000008003c88                USBD_LL_StallEP
 .text.USBD_LL_ClearStallEP
                0x0000000008003ca4       0x1c Src/usbd_conf.o
                0x0000000008003ca4                USBD_LL_ClearStallEP
 .text.USBD_LL_IsStallEP
                0x0000000008003cc0       0x20 Src/usbd_conf.o
                0x0000000008003cc0                USBD_LL_IsStallEP
 .text.USBD_LL_SetUSBAddress
                0x0000000008003ce0       0x1c Src/usbd_conf.o
                0x0000000008003ce0                USBD_LL_SetUSBAddress
 .text.USBD_LL_Transmit
                0x0000000008003cfc       0x1c Src/usbd_conf.o
                0x0000000008003cfc                USBD_LL_Transmit
 .text.USBD_LL_PrepareReceive
                0x0000000008003d18       0x1c Src/usbd_conf.o
                0x0000000008003d18                USBD_LL_PrepareReceive
 .text.USBD_static_malloc
                0x0000000008003d34        0x8 Src/usbd_conf.o
                0x0000000008003d34                USBD_static_malloc
 .text.USBD_static_free
                0x0000000008003d3c        0x4 Src/usbd_conf.o
                0x0000000008003d3c                USBD_static_free
 .text.HAL_PCDEx_SetConnectionState
                0x0000000008003d40        0x4 Src/usbd_conf.o
                0x0000000008003d40                HAL_PCDEx_SetConnectionState
 .text.CUSTOM_HID_Init_FS
                0x0000000008003d44        0x4 Src/usbd_custom_hid_if.o
 .text.CUSTOM_HID_OutEvent_FS
                0x0000000008003d48       0x98 Src/usbd_custom_hid_if.o
 .text.CUSTOM_HID_DeInit_FS
                0x0000000008003de0        0x4 Src/usbd_custom_hid_if.o
 .text.USBD_FS_DeviceDescriptor
                0x0000000008003de4        0xc Src/usbd_desc.o
                0x0000000008003de4                USBD_FS_DeviceDescriptor
 .text.USBD_FS_LangIDStrDescriptor
                0x0000000008003df0        0xc Src/usbd_desc.o
                0x0000000008003df0                USBD_FS_LangIDStrDescriptor
 .text.USBD_FS_ManufacturerStrDescriptor
                0x0000000008003dfc       0x1c Src/usbd_desc.o
                0x0000000008003dfc                USBD_FS_ManufacturerStrDescriptor
 .text.USBD_FS_ProductStrDescriptor
                0x0000000008003e18       0x1c Src/usbd_desc.o
                0x0000000008003e18                USBD_FS_ProductStrDescriptor
 .text.USBD_FS_ConfigStrDescriptor
                0x0000000008003e34       0x1c Src/usbd_desc.o
                0x0000000008003e34                USBD_FS_ConfigStrDescriptor
 .text.USBD_FS_InterfaceStrDescriptor
                0x0000000008003e50       0x1c Src/usbd_desc.o
                0x0000000008003e50                USBD_FS_InterfaceStrDescriptor
 .text.USBD_FS_SerialStrDescriptor
                0x0000000008003e6c      0x124 Src/usbd_desc.o
                0x0000000008003e6c                USBD_FS_SerialStrDescriptor
 .text.Reset_Handler
                0x0000000008003f90       0x48 Startup/startup_stm32f103c8tx.o
                0x0000000008003f90                Reset_Handler
 .text.Default_Handler
                0x0000000008003fd8        0x2 Startup/startup_stm32f103c8tx.o
                0x0000000008003fd8                RTC_Alarm_IRQHandler
                0x0000000008003fd8                EXTI2_IRQHandler
                0x0000000008003fd8                TIM1_CC_IRQHandler
                0x0000000008003fd8                PVD_IRQHandler
                0x0000000008003fd8                EXTI3_IRQHandler
                0x0000000008003fd8                EXTI0_IRQHandler
                0x0000000008003fd8                I2C2_EV_IRQHandler
                0x0000000008003fd8                ADC1_2_IRQHandler
                0x0000000008003fd8                SPI1_IRQHandler
                0x0000000008003fd8                TAMPER_IRQHandler
                0x0000000008003fd8                DMA1_Channel4_IRQHandler
                0x0000000008003fd8                USART3_IRQHandler
                0x0000000008003fd8                RTC_IRQHandler
                0x0000000008003fd8                DMA1_Channel7_IRQHandler
                0x0000000008003fd8                CAN1_RX1_IRQHandler
                0x0000000008003fd8                TIM4_IRQHandler
                0x0000000008003fd8                I2C1_EV_IRQHandler
                0x0000000008003fd8                DMA1_Channel6_IRQHandler
                0x0000000008003fd8                TIM3_IRQHandler
                0x0000000008003fd8                RCC_IRQHandler
                0x0000000008003fd8                TIM1_TRG_COM_IRQHandler
                0x0000000008003fd8                DMA1_Channel1_IRQHandler
                0x0000000008003fd8                Default_Handler
                0x0000000008003fd8                EXTI15_10_IRQHandler
                0x0000000008003fd8                EXTI9_5_IRQHandler
                0x0000000008003fd8                SPI2_IRQHandler
                0x0000000008003fd8                DMA1_Channel5_IRQHandler
                0x0000000008003fd8                EXTI4_IRQHandler
                0x0000000008003fd8                USB_HP_CAN1_TX_IRQHandler
                0x0000000008003fd8                DMA1_Channel3_IRQHandler
                0x0000000008003fd8                TIM1_UP_IRQHandler
                0x0000000008003fd8                WWDG_IRQHandler
                0x0000000008003fd8                TIM2_IRQHandler
                0x0000000008003fd8                TIM1_BRK_IRQHandler
                0x0000000008003fd8                EXTI1_IRQHandler
                0x0000000008003fd8                USART2_IRQHandler
                0x0000000008003fd8                I2C2_ER_IRQHandler
                0x0000000008003fd8                DMA1_Channel2_IRQHandler
                0x0000000008003fd8                CAN1_SCE_IRQHandler
                0x0000000008003fd8                FLASH_IRQHandler
                0x0000000008003fd8                USART1_IRQHandler
                0x0000000008003fd8                I2C1_ER_IRQHandler
                0x0000000008003fd8                USBWakeUp_IRQHandler
 *fill*         0x0000000008003fda        0x2 
 .text.__libc_init_array
                0x0000000008003fdc       0x48 c:/st/stm32cubeide_1.0.2/stm32cubeide/plugins/com.st.stm32cube.ide.mcu.externaltools.gnu-tools-for-stm32.7-2018-q2-update.win32_1.0.0.201904181610/tools/bin/../lib/gcc/arm-none-eabi/7.3.1/../../../../arm-none-eabi/lib/thumb/v7-m\libc_nano.a(lib_a-init.o)
                0x0000000008003fdc                __libc_init_array
 .text.memmove  0x0000000008004024       0x32 c:/st/stm32cubeide_1.0.2/stm32cubeide/plugins/com.st.stm32cube.ide.mcu.externaltools.gnu-tools-for-stm32.7-2018-q2-update.win32_1.0.0.201904181610/tools/bin/../lib/gcc/arm-none-eabi/7.3.1/../../../../arm-none-eabi/lib/thumb/v7-m\libc_nano.a(lib_a-memmove.o)
                0x0000000008004024                memmove
 .text.memset   0x0000000008004056       0x10 c:/st/stm32cubeide_1.0.2/stm32cubeide/plugins/com.st.stm32cube.ide.mcu.externaltools.gnu-tools-for-stm32.7-2018-q2-update.win32_1.0.0.201904181610/tools/bin/../lib/gcc/arm-none-eabi/7.3.1/../../../../arm-none-eabi/lib/thumb/v7-m\libc_nano.a(lib_a-memset.o)
                0x0000000008004056                memset
 *(.glue_7)
 .glue_7        0x0000000008004066        0x0 linker stubs
 *(.glue_7t)
 .glue_7t       0x0000000008004066        0x0 linker stubs
 *(.eh_frame)
 *fill*         0x0000000008004066        0x2 
 .eh_frame      0x0000000008004068        0x0 c:/st/stm32cubeide_1.0.2/stm32cubeide/plugins/com.st.stm32cube.ide.mcu.externaltools.gnu-tools-for-stm32.7-2018-q2-update.win32_1.0.0.201904181610/tools/bin/../lib/gcc/arm-none-eabi/7.3.1/thumb/v7-m/crtbegin.o
 *(.init)
 .init          0x0000000008004068        0x4 c:/st/stm32cubeide_1.0.2/stm32cubeide/plugins/com.st.stm32cube.ide.mcu.externaltools.gnu-tools-for-stm32.7-2018-q2-update.win32_1.0.0.201904181610/tools/bin/../lib/gcc/arm-none-eabi/7.3.1/thumb/v7-m/crti.o
                0x0000000008004068                _init
 .init          0x000000000800406c        0x8 c:/st/stm32cubeide_1.0.2/stm32cubeide/plugins/com.st.stm32cube.ide.mcu.externaltools.gnu-tools-for-stm32.7-2018-q2-update.win32_1.0.0.201904181610/tools/bin/../lib/gcc/arm-none-eabi/7.3.1/thumb/v7-m/crtn.o
 *(.fini)
 .fini          0x0000000008004074        0x4 c:/st/stm32cubeide_1.0.2/stm32cubeide/plugins/com.st.stm32cube.ide.mcu.externaltools.gnu-tools-for-stm32.7-2018-q2-update.win32_1.0.0.201904181610/tools/bin/../lib/gcc/arm-none-eabi/7.3.1/thumb/v7-m/crti.o
                0x0000000008004074                _fini
 .fini          0x0000000008004078        0x8 c:/st/stm32cubeide_1.0.2/stm32cubeide/plugins/com.st.stm32cube.ide.mcu.externaltools.gnu-tools-for-stm32.7-2018-q2-update.win32_1.0.0.201904181610/tools/bin/../lib/gcc/arm-none-eabi/7.3.1/thumb/v7-m/crtn.o
                0x0000000008004080                . = ALIGN (0x4)
                0x0000000008004080                _etext = .

.vfp11_veneer   0x0000000008004080        0x0
 .vfp11_veneer  0x0000000008004080        0x0 linker stubs

.v4_bx          0x0000000008004080        0x0
 .v4_bx         0x0000000008004080        0x0 linker stubs

.iplt           0x0000000008004080        0x0
 .iplt          0x0000000008004080        0x0 c:/st/stm32cubeide_1.0.2/stm32cubeide/plugins/com.st.stm32cube.ide.mcu.externaltools.gnu-tools-for-stm32.7-2018-q2-update.win32_1.0.0.201904181610/tools/bin/../lib/gcc/arm-none-eabi/7.3.1/thumb/v7-m/crtbegin.o

.rodata         0x0000000008004080       0x7c
                0x0000000008004080                . = ALIGN (0x4)
 *(.rodata)
 .rodata        0x0000000008004080       0x10 Drivers/STM32F1xx_HAL_Driver/Src/stm32f1xx_hal_rcc.o
 *(.rodata*)
 .rodata.AHBPrescTable
                0x0000000008004090       0x10 Src/system_stm32f1xx.o
                0x0000000008004090                AHBPrescTable
 .rodata.CSWTCH.3
                0x00000000080040a0        0x4 Src/usbd_conf.o
 .rodata.USBD_FS_ConfigStrDescriptor.str1.4
                0x00000000080040a4       0x12 Src/usbd_desc.o
 *fill*         0x00000000080040b6        0x2 
 .rodata.USBD_FS_InterfaceStrDescriptor.str1.4
                0x00000000080040b8       0x15 Src/usbd_desc.o
 *fill*         0x00000000080040cd        0x3 
 .rodata.USBD_FS_ManufacturerStrDescriptor.str1.4
                0x00000000080040d0       0x13 Src/usbd_desc.o
 *fill*         0x00000000080040e3        0x1 
 .rodata.USBD_FS_ProductStrDescriptor.str1.4
                0x00000000080040e4       0x18 Src/usbd_desc.o
                                         0x16 (size before relaxing)
                0x00000000080040fc                . = ALIGN (0x4)

.rel.dyn        0x00000000080040fc        0x0
 .rel.iplt      0x00000000080040fc        0x0 c:/st/stm32cubeide_1.0.2/stm32cubeide/plugins/com.st.stm32cube.ide.mcu.externaltools.gnu-tools-for-stm32.7-2018-q2-update.win32_1.0.0.201904181610/tools/bin/../lib/gcc/arm-none-eabi/7.3.1/thumb/v7-m/crtbegin.o

.ARM.extab      0x00000000080040fc        0x0
                0x00000000080040fc                . = ALIGN (0x4)
 *(.ARM.extab* .gnu.linkonce.armextab.*)
                0x00000000080040fc                . = ALIGN (0x4)

.ARM            0x00000000080040fc        0x0
                0x00000000080040fc                . = ALIGN (0x4)
                0x00000000080040fc                __exidx_start = .
 *(.ARM.exidx*)
                0x00000000080040fc                __exidx_end = .
                0x00000000080040fc                . = ALIGN (0x4)

.preinit_array  0x00000000080040fc        0x0
                0x00000000080040fc                . = ALIGN (0x4)
                0x00000000080040fc                PROVIDE (__preinit_array_start = .)
 *(.preinit_array*)
                0x00000000080040fc                PROVIDE (__preinit_array_end = .)
                0x00000000080040fc                . = ALIGN (0x4)

.init_array     0x00000000080040fc        0x4
                0x00000000080040fc                . = ALIGN (0x4)
                0x00000000080040fc                PROVIDE (__init_array_start = .)
 *(SORT_BY_NAME(.init_array.*))
 *(.init_array*)
 .init_array    0x00000000080040fc        0x4 c:/st/stm32cubeide_1.0.2/stm32cubeide/plugins/com.st.stm32cube.ide.mcu.externaltools.gnu-tools-for-stm32.7-2018-q2-update.win32_1.0.0.201904181610/tools/bin/../lib/gcc/arm-none-eabi/7.3.1/thumb/v7-m/crtbegin.o
                0x0000000008004100                PROVIDE (__init_array_end = .)
                0x0000000008004100                . = ALIGN (0x4)

.fini_array     0x0000000008004100        0x4
                0x0000000008004100                . = ALIGN (0x4)
                [!provide]                        PROVIDE (__fini_array_start = .)
 *(SORT_BY_NAME(.fini_array.*))
 *(.fini_array*)
 .fini_array    0x0000000008004100        0x4 c:/st/stm32cubeide_1.0.2/stm32cubeide/plugins/com.st.stm32cube.ide.mcu.externaltools.gnu-tools-for-stm32.7-2018-q2-update.win32_1.0.0.201904181610/tools/bin/../lib/gcc/arm-none-eabi/7.3.1/thumb/v7-m/crtbegin.o
                [!provide]                        PROVIDE (__fini_array_end = .)
                0x0000000008004104                . = ALIGN (0x4)
                0x0000000008004104                _sidata = LOADADDR (.data)

.data           0x0000000020000000      0x1a0 load address 0x0000000008004104
                0x0000000020000000                . = ALIGN (0x4)
                0x0000000020000000                _sdata = .
 *(.data)
 *(.data*)
 .data.uwTickFreq
                0x0000000020000000        0x1 Drivers/STM32F1xx_HAL_Driver/Src/stm32f1xx_hal.o
                0x0000000020000000                uwTickFreq
 *fill*         0x0000000020000001        0x3 
 .data.uwTickPrio
                0x0000000020000004        0x4 Drivers/STM32F1xx_HAL_Driver/Src/stm32f1xx_hal.o
                0x0000000020000004                uwTickPrio
 .data.USBD_CUSTOM_HID
                0x0000000020000008       0x38 Middlewares/ST/STM32_USB_Device_Library/Class/CustomHID/Src/usbd_customhid.o
                0x0000000020000008                USBD_CUSTOM_HID
 .data.USBD_CUSTOM_HID_CfgFSDesc
                0x0000000020000040       0x29 Middlewares/ST/STM32_USB_Device_Library/Class/CustomHID/Src/usbd_customhid.o
 *fill*         0x0000000020000069        0x3 
 .data.USBD_CUSTOM_HID_CfgHSDesc
                0x000000002000006c       0x29 Middlewares/ST/STM32_USB_Device_Library/Class/CustomHID/Src/usbd_customhid.o
 *fill*         0x0000000020000095        0x3 
 .data.USBD_CUSTOM_HID_Desc
                0x0000000020000098       0x21 Middlewares/ST/STM32_USB_Device_Library/Class/CustomHID/Src/usbd_customhid.o
 *fill*         0x00000000200000b9        0x3 
 .data.USBD_CUSTOM_HID_DeviceQualifierDesc
                0x00000000200000bc        0xa Middlewares/ST/STM32_USB_Device_Library/Class/CustomHID/Src/usbd_customhid.o
 *fill*         0x00000000200000c6        0x2 
 .data.USBD_CUSTOM_HID_OtherSpeedCfgDesc
                0x00000000200000c8       0x29 Middlewares/ST/STM32_USB_Device_Library/Class/CustomHID/Src/usbd_customhid.o
 *fill*         0x00000000200000f1        0x3 
 .data.device_preamble_Error
                0x00000000200000f4        0xa Src/main.o
                0x00000000200000f4                device_preamble_Error
 *fill*         0x00000000200000fe        0x2 
 .data.device_preamble_OK
                0x0000000020000100        0xa Src/main.o
                0x0000000020000100                device_preamble_OK
 *fill*         0x000000002000010a        0x2 
 .data.host_preamble
                0x000000002000010c        0xa Src/main.o
                0x000000002000010c                host_preamble
 *fill*         0x0000000020000116        0x2 
 .data.SystemCoreClock
                0x0000000020000118        0x4 Src/system_stm32f1xx.o
                0x0000000020000118                SystemCoreClock
 .data.CUSTOM_HID_ReportDesc_FS
                0x000000002000011c       0x21 Src/usbd_custom_hid_if.o
 *fill*         0x000000002000013d        0x3 
 .data.USBD_CustomHID_fops_FS
                0x0000000020000140       0x10 Src/usbd_custom_hid_if.o
                0x0000000020000140                USBD_CustomHID_fops_FS
 .data.FS_Desc  0x0000000020000150       0x1c Src/usbd_desc.o
                0x0000000020000150                FS_Desc
 .data.USBD_FS_DeviceDesc
                0x000000002000016c       0x12 Src/usbd_desc.o
                0x000000002000016c                USBD_FS_DeviceDesc
 *fill*         0x000000002000017e        0x2 
 .data.USBD_LangIDDesc
                0x0000000020000180        0x4 Src/usbd_desc.o
                0x0000000020000180                USBD_LangIDDesc
 .data.USBD_StringSerial
                0x0000000020000184       0x1a Src/usbd_desc.o
                0x0000000020000184                USBD_StringSerial
                0x00000000200001a0                . = ALIGN (0x4)
 *fill*         0x000000002000019e        0x2 
                0x00000000200001a0                _edata = .

.igot.plt       0x00000000200001a0        0x0 load address 0x00000000080042a4
 .igot.plt      0x00000000200001a0        0x0 c:/st/stm32cubeide_1.0.2/stm32cubeide/plugins/com.st.stm32cube.ide.mcu.externaltools.gnu-tools-for-stm32.7-2018-q2-update.win32_1.0.0.201904181610/tools/bin/../lib/gcc/arm-none-eabi/7.3.1/thumb/v7-m/crtbegin.o
                0x00000000200001a0                . = ALIGN (0x4)

.bss            0x00000000200001a0      0xcf4 load address 0x00000000080042a4
                0x00000000200001a0                _sbss = .
                0x00000000200001a0                __bss_start__ = _sbss
 *(.bss)
 .bss           0x00000000200001a0       0x1c c:/st/stm32cubeide_1.0.2/stm32cubeide/plugins/com.st.stm32cube.ide.mcu.externaltools.gnu-tools-for-stm32.7-2018-q2-update.win32_1.0.0.201904181610/tools/bin/../lib/gcc/arm-none-eabi/7.3.1/thumb/v7-m/crtbegin.o
 *(.bss*)
 .bss.cfgidx.7624
                0x00000000200001bc        0x1 Middlewares/ST/STM32_USB_Device_Library/Core/Src/usbd_ctlreq.o
 .bss.Flag_Rcvd_Data_HID
                0x00000000200001bd        0x1 Src/main.o
                0x00000000200001bd                Flag_Rcvd_Data_HID
 .bss.Index     0x00000000200001be        0x2 Src/main.o
                0x00000000200001be                Index
 .bss.index_verifier
                0x00000000200001c0        0x2 Src/main.o
                0x00000000200001c0                index_verifier
 .bss.k         0x00000000200001c2        0x2 Src/main.o
                0x00000000200001c2                k
 .bss.verifier  0x00000000200001c4        0x2 Src/main.o
                0x00000000200001c4                verifier
 *fill*         0x00000000200001c6        0x2 
 .bss.mem.7674  0x00000000200001c8       0x58 Src/usbd_conf.o
 *(COMMON)
 COMMON         0x0000000020000220        0x4 Drivers/STM32F1xx_HAL_Driver/Src/stm32f1xx_hal.o
                0x0000000020000220                uwTick
 COMMON         0x0000000020000224      0x540 Src/main.o
                0x0000000020000224                Freq_Times
                0x00000000200003b4                Flag_end_Transaction
                0x00000000200003b8                USB_RX_Buffer
                0x00000000200003f8                Gains
                0x00000000200004c0                HostMsgVerified
                0x00000000200004c4                DDS_Freqs
                0x0000000020000654                Freq_time
                0x0000000020000658                USB_TX_Buffer
                0x0000000020000698                Freqs_numbers
                0x000000002000069c                index_checker
 COMMON         0x0000000020000764      0x2c4 Src/usb_device.o
                0x0000000020000764                hUsbDeviceFS
 COMMON         0x0000000020000a28      0x26c Src/usbd_conf.o
                0x0000000020000a28                hpcd_USB_FS
 COMMON         0x0000000020000c94      0x200 Src/usbd_desc.o
                0x0000000020000c94                USBD_StrDesc
                0x0000000020000e94                . = ALIGN (0x4)
                0x0000000020000e94                _ebss = .
                0x0000000020000e94                __bss_end__ = _ebss

._user_heap_stack
                0x0000000020000e94      0x604 load address 0x00000000080042a4
                0x0000000020000e98                . = ALIGN (0x8)
 *fill*         0x0000000020000e94        0x4 
                0x0000000020000e98                PROVIDE (end = .)
                [!provide]                        PROVIDE (_end = .)
                0x0000000020001098                . = (. + _Min_Heap_Size)
 *fill*         0x0000000020000e98      0x200 
                0x0000000020001498                . = (. + _Min_Stack_Size)
 *fill*         0x0000000020001098      0x400 
                0x0000000020001498                . = ALIGN (0x8)

/DISCARD/
 libc.a(*)
 libm.a(*)
 libgcc.a(*)

.ARM.attributes
                0x0000000000000000       0x29
 *(.ARM.attributes)
 .ARM.attributes
                0x0000000000000000       0x1d c:/st/stm32cubeide_1.0.2/stm32cubeide/plugins/com.st.stm32cube.ide.mcu.externaltools.gnu-tools-for-stm32.7-2018-q2-update.win32_1.0.0.201904181610/tools/bin/../lib/gcc/arm-none-eabi/7.3.1/thumb/v7-m/crti.o
 .ARM.attributes
                0x000000000000001d       0x2d c:/st/stm32cubeide_1.0.2/stm32cubeide/plugins/com.st.stm32cube.ide.mcu.externaltools.gnu-tools-for-stm32.7-2018-q2-update.win32_1.0.0.201904181610/tools/bin/../lib/gcc/arm-none-eabi/7.3.1/thumb/v7-m/crtbegin.o
 .ARM.attributes
                0x000000000000004a       0x33 Drivers/STM32F1xx_HAL_Driver/Src/stm32f1xx_hal.o
 .ARM.attributes
                0x000000000000007d       0x33 Drivers/STM32F1xx_HAL_Driver/Src/stm32f1xx_hal_cortex.o
 .ARM.attributes
                0x00000000000000b0       0x33 Drivers/STM32F1xx_HAL_Driver/Src/stm32f1xx_hal_gpio.o
 .ARM.attributes
                0x00000000000000e3       0x33 Drivers/STM32F1xx_HAL_Driver/Src/stm32f1xx_hal_pcd.o
 .ARM.attributes
                0x0000000000000116       0x33 Drivers/STM32F1xx_HAL_Driver/Src/stm32f1xx_hal_pcd_ex.o
 .ARM.attributes
                0x0000000000000149       0x33 Drivers/STM32F1xx_HAL_Driver/Src/stm32f1xx_hal_rcc.o
 .ARM.attributes
                0x000000000000017c       0x33 Drivers/STM32F1xx_HAL_Driver/Src/stm32f1xx_hal_rcc_ex.o
 .ARM.attributes
                0x00000000000001af       0x33 Drivers/STM32F1xx_HAL_Driver/Src/stm32f1xx_ll_usb.o
 .ARM.attributes
                0x00000000000001e2       0x33 Middlewares/ST/STM32_USB_Device_Library/Class/CustomHID/Src/usbd_customhid.o
 .ARM.attributes
                0x0000000000000215       0x33 Middlewares/ST/STM32_USB_Device_Library/Core/Src/usbd_core.o
 .ARM.attributes
                0x0000000000000248       0x33 Middlewares/ST/STM32_USB_Device_Library/Core/Src/usbd_ctlreq.o
 .ARM.attributes
                0x000000000000027b       0x33 Middlewares/ST/STM32_USB_Device_Library/Core/Src/usbd_ioreq.o
 .ARM.attributes
                0x00000000000002ae       0x33 Src/delay.o
 .ARM.attributes
                0x00000000000002e1       0x33 Src/main.o
 .ARM.attributes
                0x0000000000000314       0x33 Src/stm32f1xx_hal_msp.o
 .ARM.attributes
                0x0000000000000347       0x33 Src/stm32f1xx_it.o
 .ARM.attributes
                0x000000000000037a       0x33 Src/system_stm32f1xx.o
 .ARM.attributes
                0x00000000000003ad       0x33 Src/usb_device.o
 .ARM.attributes
                0x00000000000003e0       0x33 Src/usbd_conf.o
 .ARM.attributes
                0x0000000000000413       0x33 Src/usbd_custom_hid_if.o
 .ARM.attributes
                0x0000000000000446       0x33 Src/usbd_desc.o
 .ARM.attributes
                0x0000000000000479       0x21 Startup/startup_stm32f103c8tx.o
 .ARM.attributes
                0x000000000000049a       0x2d c:/st/stm32cubeide_1.0.2/stm32cubeide/plugins/com.st.stm32cube.ide.mcu.externaltools.gnu-tools-for-stm32.7-2018-q2-update.win32_1.0.0.201904181610/tools/bin/../lib/gcc/arm-none-eabi/7.3.1/../../../../arm-none-eabi/lib/thumb/v7-m\libc_nano.a(lib_a-init.o)
 .ARM.attributes
                0x00000000000004c7       0x2d c:/st/stm32cubeide_1.0.2/stm32cubeide/plugins/com.st.stm32cube.ide.mcu.externaltools.gnu-tools-for-stm32.7-2018-q2-update.win32_1.0.0.201904181610/tools/bin/../lib/gcc/arm-none-eabi/7.3.1/../../../../arm-none-eabi/lib/thumb/v7-m\libc_nano.a(lib_a-memmove.o)
 .ARM.attributes
                0x00000000000004f4       0x2d c:/st/stm32cubeide_1.0.2/stm32cubeide/plugins/com.st.stm32cube.ide.mcu.externaltools.gnu-tools-for-stm32.7-2018-q2-update.win32_1.0.0.201904181610/tools/bin/../lib/gcc/arm-none-eabi/7.3.1/../../../../arm-none-eabi/lib/thumb/v7-m\libc_nano.a(lib_a-memset.o)
 .ARM.attributes
                0x0000000000000521       0x1d c:/st/stm32cubeide_1.0.2/stm32cubeide/plugins/com.st.stm32cube.ide.mcu.externaltools.gnu-tools-for-stm32.7-2018-q2-update.win32_1.0.0.201904181610/tools/bin/../lib/gcc/arm-none-eabi/7.3.1/thumb/v7-m\libgcc.a(_arm_addsubdf3.o)
 .ARM.attributes
                0x000000000000053e       0x1d c:/st/stm32cubeide_1.0.2/stm32cubeide/plugins/com.st.stm32cube.ide.mcu.externaltools.gnu-tools-for-stm32.7-2018-q2-update.win32_1.0.0.201904181610/tools/bin/../lib/gcc/arm-none-eabi/7.3.1/thumb/v7-m\libgcc.a(_arm_muldivdf3.o)
 .ARM.attributes
                0x000000000000055b       0x1d c:/st/stm32cubeide_1.0.2/stm32cubeide/plugins/com.st.stm32cube.ide.mcu.externaltools.gnu-tools-for-stm32.7-2018-q2-update.win32_1.0.0.201904181610/tools/bin/../lib/gcc/arm-none-eabi/7.3.1/thumb/v7-m\libgcc.a(_arm_fixunsdfsi.o)
 .ARM.attributes
                0x0000000000000578       0x1d c:/st/stm32cubeide_1.0.2/stm32cubeide/plugins/com.st.stm32cube.ide.mcu.externaltools.gnu-tools-for-stm32.7-2018-q2-update.win32_1.0.0.201904181610/tools/bin/../lib/gcc/arm-none-eabi/7.3.1/thumb/v7-m/crtn.o
OUTPUT(Signal_Generator.elf elf32-littlearm)

.comment        0x0000000000000000       0x7b
 .comment       0x0000000000000000       0x7b Drivers/STM32F1xx_HAL_Driver/Src/stm32f1xx_hal.o
                                         0x7c (size before relaxing)
 .comment       0x000000000000007b       0x7c Drivers/STM32F1xx_HAL_Driver/Src/stm32f1xx_hal_cortex.o
 .comment       0x000000000000007b       0x7c Drivers/STM32F1xx_HAL_Driver/Src/stm32f1xx_hal_gpio.o
 .comment       0x000000000000007b       0x7c Drivers/STM32F1xx_HAL_Driver/Src/stm32f1xx_hal_pcd.o
 .comment       0x000000000000007b       0x7c Drivers/STM32F1xx_HAL_Driver/Src/stm32f1xx_hal_pcd_ex.o
 .comment       0x000000000000007b       0x7c Drivers/STM32F1xx_HAL_Driver/Src/stm32f1xx_hal_rcc.o
 .comment       0x000000000000007b       0x7c Drivers/STM32F1xx_HAL_Driver/Src/stm32f1xx_hal_rcc_ex.o
 .comment       0x000000000000007b       0x7c Drivers/STM32F1xx_HAL_Driver/Src/stm32f1xx_ll_usb.o
 .comment       0x000000000000007b       0x7c Middlewares/ST/STM32_USB_Device_Library/Class/CustomHID/Src/usbd_customhid.o
 .comment       0x000000000000007b       0x7c Middlewares/ST/STM32_USB_Device_Library/Core/Src/usbd_core.o
 .comment       0x000000000000007b       0x7c Middlewares/ST/STM32_USB_Device_Library/Core/Src/usbd_ctlreq.o
 .comment       0x000000000000007b       0x7c Middlewares/ST/STM32_USB_Device_Library/Core/Src/usbd_ioreq.o
 .comment       0x000000000000007b       0x7c Src/delay.o
 .comment       0x000000000000007b       0x7c Src/main.o
 .comment       0x000000000000007b       0x7c Src/stm32f1xx_hal_msp.o
 .comment       0x000000000000007b       0x7c Src/stm32f1xx_it.o
 .comment       0x000000000000007b       0x7c Src/system_stm32f1xx.o
 .comment       0x000000000000007b       0x7c Src/usb_device.o
 .comment       0x000000000000007b       0x7c Src/usbd_conf.o
 .comment       0x000000000000007b       0x7c Src/usbd_custom_hid_if.o
 .comment       0x000000000000007b       0x7c Src/usbd_desc.o

.debug_frame    0x0000000000000000      0x194
 .debug_frame   0x0000000000000000       0x2c c:/st/stm32cubeide_1.0.2/stm32cubeide/plugins/com.st.stm32cube.ide.mcu.externaltools.gnu-tools-for-stm32.7-2018-q2-update.win32_1.0.0.201904181610/tools/bin/../lib/gcc/arm-none-eabi/7.3.1/../../../../arm-none-eabi/lib/thumb/v7-m\libc_nano.a(lib_a-init.o)
 .debug_frame   0x000000000000002c       0x28 c:/st/stm32cubeide_1.0.2/stm32cubeide/plugins/com.st.stm32cube.ide.mcu.externaltools.gnu-tools-for-stm32.7-2018-q2-update.win32_1.0.0.201904181610/tools/bin/../lib/gcc/arm-none-eabi/7.3.1/../../../../arm-none-eabi/lib/thumb/v7-m\libc_nano.a(lib_a-memmove.o)
 .debug_frame   0x0000000000000054       0x20 c:/st/stm32cubeide_1.0.2/stm32cubeide/plugins/com.st.stm32cube.ide.mcu.externaltools.gnu-tools-for-stm32.7-2018-q2-update.win32_1.0.0.201904181610/tools/bin/../lib/gcc/arm-none-eabi/7.3.1/../../../../arm-none-eabi/lib/thumb/v7-m\libc_nano.a(lib_a-memset.o)
 .debug_frame   0x0000000000000074       0xac c:/st/stm32cubeide_1.0.2/stm32cubeide/plugins/com.st.stm32cube.ide.mcu.externaltools.gnu-tools-for-stm32.7-2018-q2-update.win32_1.0.0.201904181610/tools/bin/../lib/gcc/arm-none-eabi/7.3.1/thumb/v7-m\libgcc.a(_arm_addsubdf3.o)
 .debug_frame   0x0000000000000120       0x50 c:/st/stm32cubeide_1.0.2/stm32cubeide/plugins/com.st.stm32cube.ide.mcu.externaltools.gnu-tools-for-stm32.7-2018-q2-update.win32_1.0.0.201904181610/tools/bin/../lib/gcc/arm-none-eabi/7.3.1/thumb/v7-m\libgcc.a(_arm_muldivdf3.o)
 .debug_frame   0x0000000000000170       0x24 c:/st/stm32cubeide_1.0.2/stm32cubeide/plugins/com.st.stm32cube.ide.mcu.externaltools.gnu-tools-for-stm32.7-2018-q2-update.win32_1.0.0.201904181610/tools/bin/../lib/gcc/arm-none-eabi/7.3.1/thumb/v7-m\libgcc.a(_arm_fixunsdfsi.o)
