Archive member included to satisfy reference by file (symbol)

c:/st/stm32cubeide_1.0.2/stm32cubeide/plugins/com.st.stm32cube.ide.mcu.externaltools.gnu-tools-for-stm32.7-2018-q2-update.win32_1.0.0.201904181610/tools/bin/../lib/gcc/arm-none-eabi/7.3.1/../../../../arm-none-eabi/lib/thumb/v7-m\libc_nano.a(lib_a-errno.o)
                              Src/syscalls.o (__errno)
c:/st/stm32cubeide_1.0.2/stm32cubeide/plugins/com.st.stm32cube.ide.mcu.externaltools.gnu-tools-for-stm32.7-2018-q2-update.win32_1.0.0.201904181610/tools/bin/../lib/gcc/arm-none-eabi/7.3.1/../../../../arm-none-eabi/lib/thumb/v7-m\libc_nano.a(lib_a-exit.o)
                              c:/st/stm32cubeide_1.0.2/stm32cubeide/plugins/com.st.stm32cube.ide.mcu.externaltools.gnu-tools-for-stm32.7-2018-q2-update.win32_1.0.0.201904181610/tools/bin/../lib/gcc/arm-none-eabi/7.3.1/../../../../arm-none-eabi/lib/thumb/v7-m/crt0.o (exit)
c:/st/stm32cubeide_1.0.2/stm32cubeide/plugins/com.st.stm32cube.ide.mcu.externaltools.gnu-tools-for-stm32.7-2018-q2-update.win32_1.0.0.201904181610/tools/bin/../lib/gcc/arm-none-eabi/7.3.1/../../../../arm-none-eabi/lib/thumb/v7-m\libc_nano.a(lib_a-impure.o)
                              c:/st/stm32cubeide_1.0.2/stm32cubeide/plugins/com.st.stm32cube.ide.mcu.externaltools.gnu-tools-for-stm32.7-2018-q2-update.win32_1.0.0.201904181610/tools/bin/../lib/gcc/arm-none-eabi/7.3.1/../../../../arm-none-eabi/lib/thumb/v7-m\libc_nano.a(lib_a-exit.o) (_global_impure_ptr)
c:/st/stm32cubeide_1.0.2/stm32cubeide/plugins/com.st.stm32cube.ide.mcu.externaltools.gnu-tools-for-stm32.7-2018-q2-update.win32_1.0.0.201904181610/tools/bin/../lib/gcc/arm-none-eabi/7.3.1/../../../../arm-none-eabi/lib/thumb/v7-m\libc_nano.a(lib_a-init.o)
                              c:/st/stm32cubeide_1.0.2/stm32cubeide/plugins/com.st.stm32cube.ide.mcu.externaltools.gnu-tools-for-stm32.7-2018-q2-update.win32_1.0.0.201904181610/tools/bin/../lib/gcc/arm-none-eabi/7.3.1/../../../../arm-none-eabi/lib/thumb/v7-m/crt0.o (__libc_init_array)
c:/st/stm32cubeide_1.0.2/stm32cubeide/plugins/com.st.stm32cube.ide.mcu.externaltools.gnu-tools-for-stm32.7-2018-q2-update.win32_1.0.0.201904181610/tools/bin/../lib/gcc/arm-none-eabi/7.3.1/../../../../arm-none-eabi/lib/thumb/v7-m\libc_nano.a(lib_a-memmove.o)
                              Src/main.o (memmove)
c:/st/stm32cubeide_1.0.2/stm32cubeide/plugins/com.st.stm32cube.ide.mcu.externaltools.gnu-tools-for-stm32.7-2018-q2-update.win32_1.0.0.201904181610/tools/bin/../lib/gcc/arm-none-eabi/7.3.1/../../../../arm-none-eabi/lib/thumb/v7-m\libc_nano.a(lib_a-memset.o)
                              c:/st/stm32cubeide_1.0.2/stm32cubeide/plugins/com.st.stm32cube.ide.mcu.externaltools.gnu-tools-for-stm32.7-2018-q2-update.win32_1.0.0.201904181610/tools/bin/../lib/gcc/arm-none-eabi/7.3.1/../../../../arm-none-eabi/lib/thumb/v7-m/crt0.o (memset)
c:/st/stm32cubeide_1.0.2/stm32cubeide/plugins/com.st.stm32cube.ide.mcu.externaltools.gnu-tools-for-stm32.7-2018-q2-update.win32_1.0.0.201904181610/tools/bin/../lib/gcc/arm-none-eabi/7.3.1/thumb/v7-m\libgcc.a(_arm_addsubdf3.o)
                              Src/main.o (__aeabi_ui2d)
c:/st/stm32cubeide_1.0.2/stm32cubeide/plugins/com.st.stm32cube.ide.mcu.externaltools.gnu-tools-for-stm32.7-2018-q2-update.win32_1.0.0.201904181610/tools/bin/../lib/gcc/arm-none-eabi/7.3.1/thumb/v7-m\libgcc.a(_arm_muldivdf3.o)
                              Src/main.o (__aeabi_dmul)
c:/st/stm32cubeide_1.0.2/stm32cubeide/plugins/com.st.stm32cube.ide.mcu.externaltools.gnu-tools-for-stm32.7-2018-q2-update.win32_1.0.0.201904181610/tools/bin/../lib/gcc/arm-none-eabi/7.3.1/thumb/v7-m\libgcc.a(_arm_fixunsdfsi.o)
                              Src/main.o (__aeabi_d2uiz)

Allocating common symbols
Common symbol       size              file

hUsbDeviceFS        0x2c4             Src/usb_device.o
uwTick              0x4               Drivers/STM32F1xx_HAL_Driver/Src/stm32f1xx_hal.o
pFlash              0x20              Drivers/STM32F1xx_HAL_Driver/Src/stm32f1xx_hal_flash.o
Freq_Times          0x190             Src/main.o
Flag_end_Transaction
                    0x2               Src/main.o
USB_RX_Buffer       0x40              Src/main.o
Gains               0xc8              Src/main.o
HostMsgVerified     0x2               Src/main.o
DDS_Freqs           0x190             Src/main.o
Freq_time           0x4               Src/main.o
USB_TX_Buffer       0x40              Src/main.o
Freqs_numbers       0x2               Src/main.o
hpcd_USB_FS         0x26c             Src/usbd_conf.o
USBD_StrDesc        0x200             Src/usbd_desc.o
index_checker       0xc8              Src/main.o

Discarded input sections

 .text          0x0000000000000000        0x0 c:/st/stm32cubeide_1.0.2/stm32cubeide/plugins/com.st.stm32cube.ide.mcu.externaltools.gnu-tools-for-stm32.7-2018-q2-update.win32_1.0.0.201904181610/tools/bin/../lib/gcc/arm-none-eabi/7.3.1/thumb/v7-m/crti.o
[...]
Memory Configuration

Name             Origin             Length             Attributes
RAM              0x0000000020000000 0x0000000000005000 xrw
FLASH            0x0000000008000000 0x0000000000010000 xr
*default*        0x0000000000000000 0xffffffffffffffff

Linker script and memory map

LOAD c:/st/stm32cubeide_1.0.2/stm32cubeide/plugins/com.st.stm32cube.ide.mcu.externaltools.gnu-tools-for-stm32.7-2018-q2-update.win32_1.0.0.201904181610/tools/bin/../lib/gcc/arm-none-eabi/7.3.1/thumb/v7-m/crti.o
LOAD c:/st/stm32cubeide_1.0.2/stm32cubeide/plugins/com.st.stm32cube.ide.mcu.externaltools.gnu-tools-for-stm32.7-2018-q2-update.win32_1.0.0.201904181610/tools/bin/../lib/gcc/arm-none-eabi/7.3.1/thumb/v7-m/crtbegin.o
LOAD c:/st/stm32cubeide_1.0.2/stm32cubeide/plugins/com.st.stm32cube.ide.mcu.externaltools.gnu-tools-for-stm32.7-2018-q2-update.win32_1.0.0.201904181610/tools/bin/../lib/gcc/arm-none-eabi/7.3.1/../../../../arm-none-eabi/lib/thumb/v7-m/crt0.o
LOAD Drivers/STM32F1xx_HAL_Driver/Src/stm32f1xx_hal.o
LOAD Drivers/STM32F1xx_HAL_Driver/Src/stm32f1xx_hal_cortex.o
LOAD Drivers/STM32F1xx_HAL_Driver/Src/stm32f1xx_hal_dma.o
LOAD Drivers/STM32F1xx_HAL_Driver/Src/stm32f1xx_hal_exti.o
LOAD Drivers/STM32F1xx_HAL_Driver/Src/stm32f1xx_hal_flash.o
LOAD Drivers/STM32F1xx_HAL_Driver/Src/stm32f1xx_hal_flash_ex.o
LOAD Drivers/STM32F1xx_HAL_Driver/Src/stm32f1xx_hal_gpio.o
LOAD Drivers/STM32F1xx_HAL_Driver/Src/stm32f1xx_hal_gpio_ex.o
LOAD Drivers/STM32F1xx_HAL_Driver/Src/stm32f1xx_hal_pcd.o
LOAD Drivers/STM32F1xx_HAL_Driver/Src/stm32f1xx_hal_pcd_ex.o
LOAD Drivers/STM32F1xx_HAL_Driver/Src/stm32f1xx_hal_pwr.o
LOAD Drivers/STM32F1xx_HAL_Driver/Src/stm32f1xx_hal_rcc.o
LOAD Drivers/STM32F1xx_HAL_Driver/Src/stm32f1xx_hal_rcc_ex.o
LOAD Drivers/STM32F1xx_HAL_Driver/Src/stm32f1xx_hal_tim.o
LOAD Drivers/STM32F1xx_HAL_Driver/Src/stm32f1xx_hal_tim_ex.o
LOAD Drivers/STM32F1xx_HAL_Driver/Src/stm32f1xx_ll_usb.o
LOAD Middlewares/ST/STM32_USB_Device_Library/Class/CustomHID/Src/usbd_customhid.o
LOAD Middlewares/ST/STM32_USB_Device_Library/Core/Src/usbd_core.o
LOAD Middlewares/ST/STM32_USB_Device_Library/Core/Src/usbd_ctlreq.o
LOAD Middlewares/ST/STM32_USB_Device_Library/Core/Src/usbd_ioreq.o
LOAD Src/delay.o
LOAD Src/main.o
LOAD Src/stm32f1xx_hal_msp.o
LOAD Src/stm32f1xx_it.o
LOAD Src/syscalls.o
LOAD Src/sysmem.o
LOAD Src/system_stm32f1xx.o
LOAD Src/usb_device.o
LOAD Src/usbd_conf.o
LOAD Src/usbd_custom_hid_if.o
LOAD Src/usbd_desc.o
LOAD Startup/startup_stm32f103c8tx.o
START GROUP
LOAD c:/st/stm32cubeide_1.0.2/stm32cubeide/plugins/com.st.stm32cube.ide.mcu.externaltools.gnu-tools-for-stm32.7-2018-q2-update.win32_1.0.0.201904181610/tools/bin/../lib/gcc/arm-none-eabi/7.3.1/../../../../arm-none-eabi/lib/thumb/v7-m\libc_nano.a
LOAD c:/st/stm32cubeide_1.0.2/stm32cubeide/plugins/com.st.stm32cube.ide.mcu.externaltools.gnu-tools-for-stm32.7-2018-q2-update.win32_1.0.0.201904181610/tools/bin/../lib/gcc/arm-none-eabi/7.3.1/../../../../arm-none-eabi/lib/thumb/v7-m\libm.a
END GROUP
START GROUP
LOAD c:/st/stm32cubeide_1.0.2/stm32cubeide/plugins/com.st.stm32cube.ide.mcu.externaltools.gnu-tools-for-stm32.7-2018-q2-update.win32_1.0.0.201904181610/tools/bin/../lib/gcc/arm-none-eabi/7.3.1/thumb/v7-m\libgcc.a
LOAD c:/st/stm32cubeide_1.0.2/stm32cubeide/plugins/com.st.stm32cube.ide.mcu.externaltools.gnu-tools-for-stm32.7-2018-q2-update.win32_1.0.0.201904181610/tools/bin/../lib/gcc/arm-none-eabi/7.3.1/../../../../arm-none-eabi/lib/thumb/v7-m\libc_nano.a
END GROUP
START GROUP
LOAD c:/st/stm32cubeide_1.0.2/stm32cubeide/plugins/com.st.stm32cube.ide.mcu.externaltools.gnu-tools-for-stm32.7-2018-q2-update.win32_1.0.0.201904181610/tools/bin/../lib/gcc/arm-none-eabi/7.3.1/thumb/v7-m\libgcc.a
LOAD c:/st/stm32cubeide_1.0.2/stm32cubeide/plugins/com.st.stm32cube.ide.mcu.externaltools.gnu-tools-for-stm32.7-2018-q2-update.win32_1.0.0.201904181610/tools/bin/../lib/gcc/arm-none-eabi/7.3.1/../../../../arm-none-eabi/lib/thumb/v7-m\libc_nano.a
LOAD c:/st/stm32cubeide_1.0.2/stm32cubeide/plugins/com.st.stm32cube.ide.mcu.externaltools.gnu-tools-for-stm32.7-2018-q2-update.win32_1.0.0.201904181610/tools/bin/../lib/gcc/arm-none-eabi/7.3.1/../../../../arm-none-eabi/lib/thumb/v7-m\libnosys.a
END GROUP
START GROUP
LOAD c:/st/stm32cubeide_1.0.2/stm32cubeide/plugins/com.st.stm32cube.ide.mcu.externaltools.gnu-tools-for-stm32.7-2018-q2-update.win32_1.0.0.201904181610/tools/bin/../lib/gcc/arm-none-eabi/7.3.1/thumb/v7-m\libgcc.a
LOAD c:/st/stm32cubeide_1.0.2/stm32cubeide/plugins/com.st.stm32cube.ide.mcu.externaltools.gnu-tools-for-stm32.7-2018-q2-update.win32_1.0.0.201904181610/tools/bin/../lib/gcc/arm-none-eabi/7.3.1/../../../../arm-none-eabi/lib/thumb/v7-m\libc_nano.a
LOAD c:/st/stm32cubeide_1.0.2/stm32cubeide/plugins/com.st.stm32cube.ide.mcu.externaltools.gnu-tools-for-stm32.7-2018-q2-update.win32_1.0.0.201904181610/tools/bin/../lib/gcc/arm-none-eabi/7.3.1/../../../../arm-none-eabi/lib/thumb/v7-m\libnosys.a
END GROUP
LOAD c:/st/stm32cubeide_1.0.2/stm32cubeide/plugins/com.st.stm32cube.ide.mcu.externaltools.gnu-tools-for-stm32.7-2018-q2-update.win32_1.0.0.201904181610/tools/bin/../lib/gcc/arm-none-eabi/7.3.1/thumb/v7-m/crtend.o
LOAD c:/st/stm32cubeide_1.0.2/stm32cubeide/plugins/com.st.stm32cube.ide.mcu.externaltools.gnu-tools-for-stm32.7-2018-q2-update.win32_1.0.0.201904181610/tools/bin/../lib/gcc/arm-none-eabi/7.3.1/thumb/v7-m/crtn.o
                0x0000000020005000                _estack = 0x20005000
                0x0000000000000200                _Min_Heap_Size = 0x200
                0x0000000000000400                _Min_Stack_Size = 0x400

.isr_vector     0x0000000008000000      0x10c
                0x0000000008000000                . = ALIGN (0x4)
 *(.isr_vector)
 .isr_vector    0x0000000008000000      0x10c Startup/startup_stm32f103c8tx.o
                0x0000000008000000                g_pfnVectors
                0x000000000800010c                . = ALIGN (0x4)

.text           0x0000000008000110     0x3ff0
                0x0000000008000110                . = ALIGN (0x4)
 *(.text)
 .text          0x0000000008000110       0x40 c:/st/stm32cubeide_1.0.2/stm32cubeide/plugins/com.st.stm32cube.ide.mcu.externaltools.gnu-tools-for-stm32.7-2018-q2-update.win32_1.0.0.201904181610/tools/bin/../lib/gcc/arm-none-eabi/7.3.1/thumb/v7-m/crtbegin.o
 .text          0x0000000008000150      0x378 c:/st/stm32cubeide_1.0.2/stm32cubeide/plugins/com.st.stm32cube.ide.mcu.externaltools.gnu-tools-for-stm32.7-2018-q2-update.win32_1.0.0.201904181610/tools/bin/../lib/gcc/arm-none-eabi/7.3.1/thumb/v7-m\libgcc.a(_arm_addsubdf3.o)
                0x0000000008000150                __aeabi_drsub
                0x0000000008000158                __aeabi_dsub
                0x0000000008000158                __subdf3
                0x000000000800015c                __aeabi_dadd
                0x000000000800015c                __adddf3
                0x00000000080003d4                __floatunsidf
                0x00000000080003d4                __aeabi_ui2d
                0x00000000080003f4                __floatsidf
                0x00000000080003f4                __aeabi_i2d
                0x0000000008000418                __aeabi_f2d
                0x0000000008000418                __extendsfdf2
                0x000000000800045c                __floatundidf
                0x000000000800045c                __aeabi_ul2d
                0x000000000800046c                __floatdidf
                0x000000000800046c                __aeabi_l2d
 .text          0x00000000080004c8      0x424 c:/st/stm32cubeide_1.0.2/stm32cubeide/plugins/com.st.stm32cube.ide.mcu.externaltools.gnu-tools-for-stm32.7-2018-q2-update.win32_1.0.0.201904181610/tools/bin/../lib/gcc/arm-none-eabi/7.3.1/thumb/v7-m\libgcc.a(_arm_muldivdf3.o)
                0x00000000080004c8                __aeabi_dmul
                0x00000000080004c8                __muldf3
                0x000000000800071c                __divdf3
                0x000000000800071c                __aeabi_ddiv
 .text          0x00000000080008ec       0x40 c:/st/stm32cubeide_1.0.2/stm32cubeide/plugins/com.st.stm32cube.ide.mcu.externaltools.gnu-tools-for-stm32.7-2018-q2-update.win32_1.0.0.201904181610/tools/bin/../lib/gcc/arm-none-eabi/7.3.1/thumb/v7-m\libgcc.a(_arm_fixunsdfsi.o)
                0x00000000080008ec                __aeabi_d2uiz
                0x00000000080008ec                __fixunsdfsi
 *(.text*)
 .text.HAL_InitTick
                0x000000000800092c       0x48 Drivers/STM32F1xx_HAL_Driver/Src/stm32f1xx_hal.o
                0x000000000800092c                HAL_InitTick
 .text.HAL_Init
                0x0000000008000974       0x24 Drivers/STM32F1xx_HAL_Driver/Src/stm32f1xx_hal.o
                0x0000000008000974                HAL_Init
 .text.HAL_IncTick
                0x0000000008000998       0x18 Drivers/STM32F1xx_HAL_Driver/Src/stm32f1xx_hal.o
                0x0000000008000998                HAL_IncTick
 .text.HAL_GetTick
                0x00000000080009b0        0xc Drivers/STM32F1xx_HAL_Driver/Src/stm32f1xx_hal.o
                0x00000000080009b0                HAL_GetTick
 .text.HAL_Delay
                0x00000000080009bc       0x24 Drivers/STM32F1xx_HAL_Driver/Src/stm32f1xx_hal.o
                0x00000000080009bc                HAL_Delay
 .text.HAL_NVIC_SetPriorityGrouping
                0x00000000080009e0       0x24 Drivers/STM32F1xx_HAL_Driver/Src/stm32f1xx_hal_cortex.o
                0x00000000080009e0                HAL_NVIC_SetPriorityGrouping
 .text.HAL_NVIC_SetPriority
                0x0000000008000a04       0x6c Drivers/STM32F1xx_HAL_Driver/Src/stm32f1xx_hal_cortex.o
                0x0000000008000a04                HAL_NVIC_SetPriority
 .text.HAL_NVIC_EnableIRQ
                0x0000000008000a70       0x1c Drivers/STM32F1xx_HAL_Driver/Src/stm32f1xx_hal_cortex.o
                0x0000000008000a70                HAL_NVIC_EnableIRQ
 .text.HAL_SYSTICK_Config
                0x0000000008000a8c       0x30 Drivers/STM32F1xx_HAL_Driver/Src/stm32f1xx_hal_cortex.o
                0x0000000008000a8c                HAL_SYSTICK_Config
 .text.HAL_GPIO_Init
                0x0000000008000abc      0x1f4 Drivers/STM32F1xx_HAL_Driver/Src/stm32f1xx_hal_gpio.o
                0x0000000008000abc                HAL_GPIO_Init
 .text.HAL_GPIO_TogglePin
                0x0000000008000cb0        0xc Drivers/STM32F1xx_HAL_Driver/Src/stm32f1xx_hal_gpio.o
                0x0000000008000cb0                HAL_GPIO_TogglePin
 .text.HAL_PCD_Init
                0x0000000008000cbc       0xfc Drivers/STM32F1xx_HAL_Driver/Src/stm32f1xx_hal_pcd.o
                0x0000000008000cbc                HAL_PCD_Init
 .text.HAL_PCD_Start
                0x0000000008000db8       0x30 Drivers/STM32F1xx_HAL_Driver/Src/stm32f1xx_hal_pcd.o
                0x0000000008000db8                HAL_PCD_Start
 .text.HAL_PCD_IRQHandler
                0x0000000008000de8      0x4dc Drivers/STM32F1xx_HAL_Driver/Src/stm32f1xx_hal_pcd.o
                0x0000000008000de8                HAL_PCD_IRQHandler
 .text.HAL_PCD_SetAddress
                0x00000000080012c4       0x28 Drivers/STM32F1xx_HAL_Driver/Src/stm32f1xx_hal_pcd.o
                0x00000000080012c4                HAL_PCD_SetAddress
 .text.HAL_PCD_EP_Open
                0x00000000080012ec       0x64 Drivers/STM32F1xx_HAL_Driver/Src/stm32f1xx_hal_pcd.o
                0x00000000080012ec                HAL_PCD_EP_Open
 .text.HAL_PCD_EP_Close
                0x0000000008001350       0x58 Drivers/STM32F1xx_HAL_Driver/Src/stm32f1xx_hal_pcd.o
                0x0000000008001350                HAL_PCD_EP_Close
 .text.HAL_PCD_EP_Receive
                0x00000000080013a8       0x30 Drivers/STM32F1xx_HAL_Driver/Src/stm32f1xx_hal_pcd.o
                0x00000000080013a8                HAL_PCD_EP_Receive
 .text.HAL_PCD_EP_Transmit
                0x00000000080013d8       0x2c Drivers/STM32F1xx_HAL_Driver/Src/stm32f1xx_hal_pcd.o
                0x00000000080013d8                HAL_PCD_EP_Transmit
 .text.HAL_PCD_EP_SetStall
                0x0000000008001404       0x78 Drivers/STM32F1xx_HAL_Driver/Src/stm32f1xx_hal_pcd.o
                0x0000000008001404                HAL_PCD_EP_SetStall
 .text.HAL_PCD_EP_ClrStall
                0x000000000800147c       0x70 Drivers/STM32F1xx_HAL_Driver/Src/stm32f1xx_hal_pcd.o
                0x000000000800147c                HAL_PCD_EP_ClrStall
 .text.HAL_PCDEx_PMAConfig
                0x00000000080014ec       0x38 Drivers/STM32F1xx_HAL_Driver/Src/stm32f1xx_hal_pcd_ex.o
                0x00000000080014ec                HAL_PCDEx_PMAConfig
 .text.HAL_RCC_OscConfig
                0x0000000008001524      0x3f0 Drivers/STM32F1xx_HAL_Driver/Src/stm32f1xx_hal_rcc.o
                0x0000000008001524                HAL_RCC_OscConfig
 .text.HAL_RCC_ClockConfig
                0x0000000008001914      0x1ac Drivers/STM32F1xx_HAL_Driver/Src/stm32f1xx_hal_rcc.o
                0x0000000008001914                HAL_RCC_ClockConfig
 .text.HAL_RCC_GetHCLKFreq
                0x0000000008001ac0        0xc Drivers/STM32F1xx_HAL_Driver/Src/stm32f1xx_hal_rcc.o
                0x0000000008001ac0                HAL_RCC_GetHCLKFreq
 .text.HAL_RCCEx_PeriphCLKConfig
                0x0000000008001acc      0x104 Drivers/STM32F1xx_HAL_Driver/Src/stm32f1xx_hal_rcc_ex.o
                0x0000000008001acc                HAL_RCCEx_PeriphCLKConfig
 .text.USB_CoreInit
                0x0000000008001bd0       0x10 Drivers/STM32F1xx_HAL_Driver/Src/stm32f1xx_ll_usb.o
                0x0000000008001bd0                USB_CoreInit
 .text.USB_EnableGlobalInt
                0x0000000008001be0       0x14 Drivers/STM32F1xx_HAL_Driver/Src/stm32f1xx_ll_usb.o
                0x0000000008001be0                USB_EnableGlobalInt
 .text.USB_DisableGlobalInt
                0x0000000008001bf4       0x14 Drivers/STM32F1xx_HAL_Driver/Src/stm32f1xx_ll_usb.o
                0x0000000008001bf4                USB_DisableGlobalInt
 .text.USB_SetCurrentMode
                0x0000000008001c08        0x4 Drivers/STM32F1xx_HAL_Driver/Src/stm32f1xx_ll_usb.o
                0x0000000008001c08                USB_SetCurrentMode
 .text.USB_DevInit
                0x0000000008001c0c       0x34 Drivers/STM32F1xx_HAL_Driver/Src/stm32f1xx_ll_usb.o
                0x0000000008001c0c                USB_DevInit
 .text.USB_ActivateEndpoint
                0x0000000008001c40      0x310 Drivers/STM32F1xx_HAL_Driver/Src/stm32f1xx_ll_usb.o
                0x0000000008001c40                USB_ActivateEndpoint
 .text.USB_DeactivateEndpoint
                0x0000000008001f50      0x1ac Drivers/STM32F1xx_HAL_Driver/Src/stm32f1xx_ll_usb.o
                0x0000000008001f50                USB_DeactivateEndpoint
 .text.USB_EPStartXfer
                0x00000000080020fc      0x250 Drivers/STM32F1xx_HAL_Driver/Src/stm32f1xx_ll_usb.o
                0x00000000080020fc                USB_EPStartXfer
 .text.USB_EPSetStall
                0x000000000800234c       0x44 Drivers/STM32F1xx_HAL_Driver/Src/stm32f1xx_ll_usb.o
                0x000000000800234c                USB_EPSetStall
 .text.USB_EPClearStall
                0x0000000008002390       0xa8 Drivers/STM32F1xx_HAL_Driver/Src/stm32f1xx_ll_usb.o
                0x0000000008002390                USB_EPClearStall
 .text.USB_SetDevAddress
                0x0000000008002438        0xc Drivers/STM32F1xx_HAL_Driver/Src/stm32f1xx_ll_usb.o
                0x0000000008002438                USB_SetDevAddress
 .text.USB_DevConnect
                0x0000000008002444        0x4 Drivers/STM32F1xx_HAL_Driver/Src/stm32f1xx_ll_usb.o
                0x0000000008002444                USB_DevConnect
 .text.USB_DevDisconnect
                0x0000000008002448        0x4 Drivers/STM32F1xx_HAL_Driver/Src/stm32f1xx_ll_usb.o
                0x0000000008002448                USB_DevDisconnect
 .text.USB_ReadInterrupts
                0x000000000800244c        0x8 Drivers/STM32F1xx_HAL_Driver/Src/stm32f1xx_ll_usb.o
                0x000000000800244c                USB_ReadInterrupts
 .text.USB_EP0_OutStart
                0x0000000008002454        0x4 Drivers/STM32F1xx_HAL_Driver/Src/stm32f1xx_ll_usb.o
                0x0000000008002454                USB_EP0_OutStart
 .text.USB_ReadPMA
                0x0000000008002458       0x4c Drivers/STM32F1xx_HAL_Driver/Src/stm32f1xx_ll_usb.o
                0x0000000008002458                USB_ReadPMA
 .text.USBD_CUSTOM_HID_GetFSCfgDesc
                0x00000000080024a4        0xc Middlewares/ST/STM32_USB_Device_Library/Class/CustomHID/Src/usbd_customhid.o
 .text.USBD_CUSTOM_HID_GetHSCfgDesc
                0x00000000080024b0        0xc Middlewares/ST/STM32_USB_Device_Library/Class/CustomHID/Src/usbd_customhid.o
 .text.USBD_CUSTOM_HID_GetOtherSpeedCfgDesc
                0x00000000080024bc        0xc Middlewares/ST/STM32_USB_Device_Library/Class/CustomHID/Src/usbd_customhid.o
 .text.USBD_CUSTOM_HID_DataIn
                0x00000000080024c8       0x10 Middlewares/ST/STM32_USB_Device_Library/Class/CustomHID/Src/usbd_customhid.o
 .text.USBD_CUSTOM_HID_EP0_RxReady
                0x00000000080024d8       0x20 Middlewares/ST/STM32_USB_Device_Library/Class/CustomHID/Src/usbd_customhid.o
 .text.USBD_CUSTOM_HID_GetDeviceQualifierDesc
                0x00000000080024f8        0xc Middlewares/ST/STM32_USB_Device_Library/Class/CustomHID/Src/usbd_customhid.o
 .text.USBD_CUSTOM_HID_DataOut
                0x0000000008002504       0x24 Middlewares/ST/STM32_USB_Device_Library/Class/CustomHID/Src/usbd_customhid.o
 .text.USBD_CUSTOM_HID_Setup
                0x0000000008002528      0x148 Middlewares/ST/STM32_USB_Device_Library/Class/CustomHID/Src/usbd_customhid.o
 .text.USBD_CUSTOM_HID_DeInit
                0x0000000008002670       0x38 Middlewares/ST/STM32_USB_Device_Library/Class/CustomHID/Src/usbd_customhid.o
 .text.USBD_CUSTOM_HID_Init
                0x00000000080026a8       0x54 Middlewares/ST/STM32_USB_Device_Library/Class/CustomHID/Src/usbd_customhid.o
 .text.USBD_CUSTOM_HID_SendReport
                0x00000000080026fc       0x30 Middlewares/ST/STM32_USB_Device_Library/Class/CustomHID/Src/usbd_customhid.o
                0x00000000080026fc                USBD_CUSTOM_HID_SendReport
 .text.USBD_CUSTOM_HID_RegisterInterface
                0x000000000800272c       0x10 Middlewares/ST/STM32_USB_Device_Library/Class/CustomHID/Src/usbd_customhid.o
                0x000000000800272c                USBD_CUSTOM_HID_RegisterInterface
 .text.USBD_Init
                0x000000000800273c       0x2c Middlewares/ST/STM32_USB_Device_Library/Core/Src/usbd_core.o
                0x000000000800273c                USBD_Init
 .text.USBD_RegisterClass
                0x0000000008002768       0x10 Middlewares/ST/STM32_USB_Device_Library/Core/Src/usbd_core.o
                0x0000000008002768                USBD_RegisterClass
 .text.USBD_Start
                0x0000000008002778        0xc Middlewares/ST/STM32_USB_Device_Library/Core/Src/usbd_core.o
                0x0000000008002778                USBD_Start
 .text.USBD_SetClassConfig
                0x0000000008002784       0x14 Middlewares/ST/STM32_USB_Device_Library/Core/Src/usbd_core.o
                0x0000000008002784                USBD_SetClassConfig
 .text.USBD_ClrClassConfig
                0x0000000008002798       0x10 Middlewares/ST/STM32_USB_Device_Library/Core/Src/usbd_core.o
                0x0000000008002798                USBD_ClrClassConfig
 .text.USBD_LL_SetupStage
                0x00000000080027a8       0x60 Middlewares/ST/STM32_USB_Device_Library/Core/Src/usbd_core.o
                0x00000000080027a8                USBD_LL_SetupStage
 .text.USBD_LL_DataOutStage
                0x0000000008002808       0x80 Middlewares/ST/STM32_USB_Device_Library/Core/Src/usbd_core.o
                0x0000000008002808                USBD_LL_DataOutStage
 .text.USBD_LL_DataInStage
                0x0000000008002888       0xc0 Middlewares/ST/STM32_USB_Device_Library/Core/Src/usbd_core.o
                0x0000000008002888                USBD_LL_DataInStage
 .text.USBD_LL_Reset
                0x0000000008002948       0x50 Middlewares/ST/STM32_USB_Device_Library/Core/Src/usbd_core.o
                0x0000000008002948                USBD_LL_Reset
 .text.USBD_LL_SetSpeed
                0x0000000008002998        0x8 Middlewares/ST/STM32_USB_Device_Library/Core/Src/usbd_core.o
                0x0000000008002998                USBD_LL_SetSpeed
 .text.USBD_LL_Suspend
                0x00000000080029a0       0x14 Middlewares/ST/STM32_USB_Device_Library/Core/Src/usbd_core.o
                0x00000000080029a0                USBD_LL_Suspend
 .text.USBD_LL_Resume
                0x00000000080029b4       0x14 Middlewares/ST/STM32_USB_Device_Library/Core/Src/usbd_core.o
                0x00000000080029b4                USBD_LL_Resume
 .text.USBD_LL_SOF
                0x00000000080029c8       0x1c Middlewares/ST/STM32_USB_Device_Library/Core/Src/usbd_core.o
                0x00000000080029c8                USBD_LL_SOF
 .text.USBD_StdDevReq
                0x00000000080029e4      0x2fc Middlewares/ST/STM32_USB_Device_Library/Core/Src/usbd_ctlreq.o
                0x00000000080029e4                USBD_StdDevReq
 .text.USBD_StdItfReq
                0x0000000008002ce0       0x58 Middlewares/ST/STM32_USB_Device_Library/Core/Src/usbd_ctlreq.o
                0x0000000008002ce0                USBD_StdItfReq
 .text.USBD_StdEPReq
                0x0000000008002d38      0x12c Middlewares/ST/STM32_USB_Device_Library/Core/Src/usbd_ctlreq.o
                0x0000000008002d38                USBD_StdEPReq
 .text.USBD_ParseSetupRequest
                0x0000000008002e64       0x28 Middlewares/ST/STM32_USB_Device_Library/Core/Src/usbd_ctlreq.o
                0x0000000008002e64                USBD_ParseSetupRequest
 .text.USBD_CtlError
                0x0000000008002e8c       0x18 Middlewares/ST/STM32_USB_Device_Library/Core/Src/usbd_ctlreq.o
                0x0000000008002e8c                USBD_CtlError
 .text.USBD_GetString
                0x0000000008002ea4       0x4c Middlewares/ST/STM32_USB_Device_Library/Core/Src/usbd_ctlreq.o
                0x0000000008002ea4                USBD_GetString
 .text.USBD_CtlSendData
                0x0000000008002ef0       0x1c Middlewares/ST/STM32_USB_Device_Library/Core/Src/usbd_ioreq.o
                0x0000000008002ef0                USBD_CtlSendData
 .text.USBD_CtlContinueSendData
                0x0000000008002f0c       0x10 Middlewares/ST/STM32_USB_Device_Library/Core/Src/usbd_ioreq.o
                0x0000000008002f0c                USBD_CtlContinueSendData
 .text.USBD_CtlPrepareRx
                0x0000000008002f1c       0x20 Middlewares/ST/STM32_USB_Device_Library/Core/Src/usbd_ioreq.o
                0x0000000008002f1c                USBD_CtlPrepareRx
 .text.USBD_CtlContinueRx
                0x0000000008002f3c       0x10 Middlewares/ST/STM32_USB_Device_Library/Core/Src/usbd_ioreq.o
                0x0000000008002f3c                USBD_CtlContinueRx
 .text.USBD_CtlSendStatus
                0x0000000008002f4c       0x18 Middlewares/ST/STM32_USB_Device_Library/Core/Src/usbd_ioreq.o
                0x0000000008002f4c                USBD_CtlSendStatus
 .text.USBD_CtlReceiveStatus
                0x0000000008002f64       0x18 Middlewares/ST/STM32_USB_Device_Library/Core/Src/usbd_ioreq.o
                0x0000000008002f64                USBD_CtlReceiveStatus
 .text.DWT_Delay_Init
                0x0000000008002f7c       0x40 Src/delay.o
                0x0000000008002f7c                DWT_Delay_Init
 .text.SystemClock_Config
                0x0000000008002fbc       0x68 Src/main.o
                0x0000000008002fbc                SystemClock_Config
 .text.DDS_Set  0x0000000008003024      0x184 Src/main.o
                0x0000000008003024                DDS_Set
 .text.startup.main
                0x00000000080031a8      0x8c4 Src/main.o
                0x00000000080031a8                main
 .text.Error_Handler
                0x0000000008003a6c        0x4 Src/main.o
                0x0000000008003a6c                Error_Handler
 .text.HAL_MspInit
                0x0000000008003a70       0x40 Src/stm32f1xx_hal_msp.o
                0x0000000008003a70                HAL_MspInit
 .text.NMI_Handler
                0x0000000008003ab0        0x4 Src/stm32f1xx_it.o
                0x0000000008003ab0                NMI_Handler
 .text.HardFault_Handler
                0x0000000008003ab4        0x4 Src/stm32f1xx_it.o
                0x0000000008003ab4                HardFault_Handler
 .text.MemManage_Handler
                0x0000000008003ab8        0x4 Src/stm32f1xx_it.o
                0x0000000008003ab8                MemManage_Handler
 .text.BusFault_Handler
                0x0000000008003abc        0x4 Src/stm32f1xx_it.o
                0x0000000008003abc                BusFault_Handler
 .text.UsageFault_Handler
                0x0000000008003ac0        0x4 Src/stm32f1xx_it.o
                0x0000000008003ac0                UsageFault_Handler
 .text.SVC_Handler
                0x0000000008003ac4        0x4 Src/stm32f1xx_it.o
                0x0000000008003ac4                SVC_Handler
 .text.DebugMon_Handler
                0x0000000008003ac8        0x4 Src/stm32f1xx_it.o
                0x0000000008003ac8                DebugMon_Handler
 .text.PendSV_Handler
                0x0000000008003acc        0x4 Src/stm32f1xx_it.o
                0x0000000008003acc                PendSV_Handler
 .text.SysTick_Handler
                0x0000000008003ad0        0x4 Src/stm32f1xx_it.o
                0x0000000008003ad0                SysTick_Handler
 .text.USB_LP_CAN1_RX0_IRQHandler
                0x0000000008003ad4        0xc Src/stm32f1xx_it.o
                0x0000000008003ad4                USB_LP_CAN1_RX0_IRQHandler
 .text.SystemInit
                0x0000000008003ae0       0x50 Src/system_stm32f1xx.o
                0x0000000008003ae0                SystemInit
 .text.MX_USB_DEVICE_Init
                0x0000000008003b30       0x58 Src/usb_device.o
                0x0000000008003b30                MX_USB_DEVICE_Init
 .text.HAL_PCD_MspInit
                0x0000000008003b88       0x40 Src/usbd_conf.o
                0x0000000008003b88                HAL_PCD_MspInit
 .text.HAL_PCD_SetupStageCallback
                0x0000000008003bc8        0xc Src/usbd_conf.o
                0x0000000008003bc8                HAL_PCD_SetupStageCallback
 .text.HAL_PCD_DataOutStageCallback
                0x0000000008003bd4       0x10 Src/usbd_conf.o
                0x0000000008003bd4                HAL_PCD_DataOutStageCallback
 .text.HAL_PCD_DataInStageCallback
                0x0000000008003be4       0x10 Src/usbd_conf.o
                0x0000000008003be4                HAL_PCD_DataInStageCallback
 .text.HAL_PCD_SOFCallback
                0x0000000008003bf4        0x8 Src/usbd_conf.o
                0x0000000008003bf4                HAL_PCD_SOFCallback
 .text.HAL_PCD_ResetCallback
                0x0000000008003bfc       0x24 Src/usbd_conf.o
                0x0000000008003bfc                HAL_PCD_ResetCallback
 .text.HAL_PCD_SuspendCallback
                0x0000000008003c20       0x20 Src/usbd_conf.o
                0x0000000008003c20                HAL_PCD_SuspendCallback
 .text.HAL_PCD_ResumeCallback
                0x0000000008003c40        0x8 Src/usbd_conf.o
                0x0000000008003c40                HAL_PCD_ResumeCallback
 .text.USBD_LL_Init
                0x0000000008003c48       0x74 Src/usbd_conf.o
                0x0000000008003c48                USBD_LL_Init
 .text.USBD_LL_Start
                0x0000000008003cbc       0x1c Src/usbd_conf.o
                0x0000000008003cbc                USBD_LL_Start
 .text.USBD_LL_OpenEP
                0x0000000008003cd8       0x20 Src/usbd_conf.o
                0x0000000008003cd8                USBD_LL_OpenEP
 .text.USBD_LL_CloseEP
                0x0000000008003cf8       0x1c Src/usbd_conf.o
                0x0000000008003cf8                USBD_LL_CloseEP
 .text.USBD_LL_StallEP
                0x0000000008003d14       0x1c Src/usbd_conf.o
                0x0000000008003d14                USBD_LL_StallEP
 .text.USBD_LL_ClearStallEP
                0x0000000008003d30       0x1c Src/usbd_conf.o
                0x0000000008003d30                USBD_LL_ClearStallEP
 .text.USBD_LL_IsStallEP
                0x0000000008003d4c       0x20 Src/usbd_conf.o
                0x0000000008003d4c                USBD_LL_IsStallEP
 .text.USBD_LL_SetUSBAddress
                0x0000000008003d6c       0x1c Src/usbd_conf.o
                0x0000000008003d6c                USBD_LL_SetUSBAddress
 .text.USBD_LL_Transmit
                0x0000000008003d88       0x1c Src/usbd_conf.o
                0x0000000008003d88                USBD_LL_Transmit
 .text.USBD_LL_PrepareReceive
                0x0000000008003da4       0x1c Src/usbd_conf.o
                0x0000000008003da4                USBD_LL_PrepareReceive
 .text.USBD_static_malloc
                0x0000000008003dc0        0x8 Src/usbd_conf.o
                0x0000000008003dc0                USBD_static_malloc
 .text.USBD_static_free
                0x0000000008003dc8        0x4 Src/usbd_conf.o
                0x0000000008003dc8                USBD_static_free
 .text.HAL_PCDEx_SetConnectionState
                0x0000000008003dcc        0x4 Src/usbd_conf.o
                0x0000000008003dcc                HAL_PCDEx_SetConnectionState
 .text.CUSTOM_HID_Init_FS
                0x0000000008003dd0        0x4 Src/usbd_custom_hid_if.o
 .text.CUSTOM_HID_OutEvent_FS
                0x0000000008003dd4       0x8c Src/usbd_custom_hid_if.o
 .text.CUSTOM_HID_DeInit_FS
                0x0000000008003e60        0x4 Src/usbd_custom_hid_if.o
 .text.USBD_FS_DeviceDescriptor
                0x0000000008003e64        0xc Src/usbd_desc.o
                0x0000000008003e64                USBD_FS_DeviceDescriptor
 .text.USBD_FS_LangIDStrDescriptor
                0x0000000008003e70        0xc Src/usbd_desc.o
                0x0000000008003e70                USBD_FS_LangIDStrDescriptor
 .text.USBD_FS_ManufacturerStrDescriptor
                0x0000000008003e7c       0x1c Src/usbd_desc.o
                0x0000000008003e7c                USBD_FS_ManufacturerStrDescriptor
 .text.USBD_FS_ProductStrDescriptor
                0x0000000008003e98       0x1c Src/usbd_desc.o
                0x0000000008003e98                USBD_FS_ProductStrDescriptor
 .text.USBD_FS_ConfigStrDescriptor
                0x0000000008003eb4       0x1c Src/usbd_desc.o
                0x0000000008003eb4                USBD_FS_ConfigStrDescriptor
 .text.USBD_FS_InterfaceStrDescriptor
                0x0000000008003ed0       0x1c Src/usbd_desc.o
                0x0000000008003ed0                USBD_FS_InterfaceStrDescriptor
 .text.USBD_FS_SerialStrDescriptor
                0x0000000008003eec      0x124 Src/usbd_desc.o
                0x0000000008003eec                USBD_FS_SerialStrDescriptor
 .text.Reset_Handler
                0x0000000008004010       0x48 Startup/startup_stm32f103c8tx.o
                0x0000000008004010                Reset_Handler
 .text.Default_Handler
                0x0000000008004058        0x2 Startup/startup_stm32f103c8tx.o
                0x0000000008004058                RTC_Alarm_IRQHandler
                0x0000000008004058                EXTI2_IRQHandler
                0x0000000008004058                TIM1_CC_IRQHandler
                0x0000000008004058                PVD_IRQHandler
                0x0000000008004058                EXTI3_IRQHandler
                0x0000000008004058                EXTI0_IRQHandler
                0x0000000008004058                I2C2_EV_IRQHandler
                0x0000000008004058                ADC1_2_IRQHandler
                0x0000000008004058                SPI1_IRQHandler
                0x0000000008004058                TAMPER_IRQHandler
                0x0000000008004058                DMA1_Channel4_IRQHandler
                0x0000000008004058                USART3_IRQHandler
                0x0000000008004058                RTC_IRQHandler
                0x0000000008004058                DMA1_Channel7_IRQHandler
                0x0000000008004058                CAN1_RX1_IRQHandler
                0x0000000008004058                TIM4_IRQHandler
                0x0000000008004058                I2C1_EV_IRQHandler
                0x0000000008004058                DMA1_Channel6_IRQHandler
                0x0000000008004058                TIM3_IRQHandler
                0x0000000008004058                RCC_IRQHandler
                0x0000000008004058                TIM1_TRG_COM_IRQHandler
                0x0000000008004058                DMA1_Channel1_IRQHandler
                0x0000000008004058                Default_Handler
                0x0000000008004058                EXTI15_10_IRQHandler
                0x0000000008004058                EXTI9_5_IRQHandler
                0x0000000008004058                SPI2_IRQHandler
                0x0000000008004058                DMA1_Channel5_IRQHandler
                0x0000000008004058                EXTI4_IRQHandler
                0x0000000008004058                USB_HP_CAN1_TX_IRQHandler
                0x0000000008004058                DMA1_Channel3_IRQHandler
                0x0000000008004058                TIM1_UP_IRQHandler
                0x0000000008004058                WWDG_IRQHandler
                0x0000000008004058                TIM2_IRQHandler
                0x0000000008004058                TIM1_BRK_IRQHandler
                0x0000000008004058                EXTI1_IRQHandler
                0x0000000008004058                USART2_IRQHandler
                0x0000000008004058                I2C2_ER_IRQHandler
                0x0000000008004058                DMA1_Channel2_IRQHandler
                0x0000000008004058                CAN1_SCE_IRQHandler
                0x0000000008004058                FLASH_IRQHandler
                0x0000000008004058                USART1_IRQHandler
                0x0000000008004058                I2C1_ER_IRQHandler
                0x0000000008004058                USBWakeUp_IRQHandler
 *fill*         0x000000000800405a        0x2 
 .text.__libc_init_array
                0x000000000800405c       0x48 c:/st/stm32cubeide_1.0.2/stm32cubeide/plugins/com.st.stm32cube.ide.mcu.externaltools.gnu-tools-for-stm32.7-2018-q2-update.win32_1.0.0.201904181610/tools/bin/../lib/gcc/arm-none-eabi/7.3.1/../../../../arm-none-eabi/lib/thumb/v7-m\libc_nano.a(lib_a-init.o)
                0x000000000800405c                __libc_init_array
 .text.memmove  0x00000000080040a4       0x32 c:/st/stm32cubeide_1.0.2/stm32cubeide/plugins/com.st.stm32cube.ide.mcu.externaltools.gnu-tools-for-stm32.7-2018-q2-update.win32_1.0.0.201904181610/tools/bin/../lib/gcc/arm-none-eabi/7.3.1/../../../../arm-none-eabi/lib/thumb/v7-m\libc_nano.a(lib_a-memmove.o)
                0x00000000080040a4                memmove
 .text.memset   0x00000000080040d6       0x10 c:/st/stm32cubeide_1.0.2/stm32cubeide/plugins/com.st.stm32cube.ide.mcu.externaltools.gnu-tools-for-stm32.7-2018-q2-update.win32_1.0.0.201904181610/tools/bin/../lib/gcc/arm-none-eabi/7.3.1/../../../../arm-none-eabi/lib/thumb/v7-m\libc_nano.a(lib_a-memset.o)
                0x00000000080040d6                memset
 *(.glue_7)
 .glue_7        0x00000000080040e6        0x0 linker stubs
 *(.glue_7t)
 .glue_7t       0x00000000080040e6        0x0 linker stubs
 *(.eh_frame)
 *fill*         0x00000000080040e6        0x2 
 .eh_frame      0x00000000080040e8        0x0 c:/st/stm32cubeide_1.0.2/stm32cubeide/plugins/com.st.stm32cube.ide.mcu.externaltools.gnu-tools-for-stm32.7-2018-q2-update.win32_1.0.0.201904181610/tools/bin/../lib/gcc/arm-none-eabi/7.3.1/thumb/v7-m/crtbegin.o
 *(.init)
 .init          0x00000000080040e8        0x4 c:/st/stm32cubeide_1.0.2/stm32cubeide/plugins/com.st.stm32cube.ide.mcu.externaltools.gnu-tools-for-stm32.7-2018-q2-update.win32_1.0.0.201904181610/tools/bin/../lib/gcc/arm-none-eabi/7.3.1/thumb/v7-m/crti.o
                0x00000000080040e8                _init
 .init          0x00000000080040ec        0x8 c:/st/stm32cubeide_1.0.2/stm32cubeide/plugins/com.st.stm32cube.ide.mcu.externaltools.gnu-tools-for-stm32.7-2018-q2-update.win32_1.0.0.201904181610/tools/bin/../lib/gcc/arm-none-eabi/7.3.1/thumb/v7-m/crtn.o
 *(.fini)
 .fini          0x00000000080040f4        0x4 c:/st/stm32cubeide_1.0.2/stm32cubeide/plugins/com.st.stm32cube.ide.mcu.externaltools.gnu-tools-for-stm32.7-2018-q2-update.win32_1.0.0.201904181610/tools/bin/../lib/gcc/arm-none-eabi/7.3.1/thumb/v7-m/crti.o
                0x00000000080040f4                _fini
 .fini          0x00000000080040f8        0x8 c:/st/stm32cubeide_1.0.2/stm32cubeide/plugins/com.st.stm32cube.ide.mcu.externaltools.gnu-tools-for-stm32.7-2018-q2-update.win32_1.0.0.201904181610/tools/bin/../lib/gcc/arm-none-eabi/7.3.1/thumb/v7-m/crtn.o
                0x0000000008004100                . = ALIGN (0x4)
                0x0000000008004100                _etext = .

.vfp11_veneer   0x0000000008004100        0x0
 .vfp11_veneer  0x0000000008004100        0x0 linker stubs

.v4_bx          0x0000000008004100        0x0
 .v4_bx         0x0000000008004100        0x0 linker stubs

.iplt           0x0000000008004100        0x0
 .iplt          0x0000000008004100        0x0 c:/st/stm32cubeide_1.0.2/stm32cubeide/plugins/com.st.stm32cube.ide.mcu.externaltools.gnu-tools-for-stm32.7-2018-q2-update.win32_1.0.0.201904181610/tools/bin/../lib/gcc/arm-none-eabi/7.3.1/thumb/v7-m/crtbegin.o

.rodata         0x0000000008004100       0x7c
                0x0000000008004100                . = ALIGN (0x4)
 *(.rodata)
 .rodata        0x0000000008004100       0x10 Drivers/STM32F1xx_HAL_Driver/Src/stm32f1xx_hal_rcc.o
 *(.rodata*)
 .rodata.AHBPrescTable
                0x0000000008004110       0x10 Src/system_stm32f1xx.o
                0x0000000008004110                AHBPrescTable
 .rodata.CSWTCH.3
                0x0000000008004120        0x4 Src/usbd_conf.o
 .rodata.USBD_FS_ConfigStrDescriptor.str1.4
                0x0000000008004124       0x12 Src/usbd_desc.o
 *fill*         0x0000000008004136        0x2 
 .rodata.USBD_FS_InterfaceStrDescriptor.str1.4
                0x0000000008004138       0x15 Src/usbd_desc.o
 *fill*         0x000000000800414d        0x3 
 .rodata.USBD_FS_ManufacturerStrDescriptor.str1.4
                0x0000000008004150       0x13 Src/usbd_desc.o
 *fill*         0x0000000008004163        0x1 
 .rodata.USBD_FS_ProductStrDescriptor.str1.4
                0x0000000008004164       0x18 Src/usbd_desc.o
                                         0x16 (size before relaxing)
                0x000000000800417c                . = ALIGN (0x4)

.rel.dyn        0x000000000800417c        0x0
 .rel.iplt      0x000000000800417c        0x0 c:/st/stm32cubeide_1.0.2/stm32cubeide/plugins/com.st.stm32cube.ide.mcu.externaltools.gnu-tools-for-stm32.7-2018-q2-update.win32_1.0.0.201904181610/tools/bin/../lib/gcc/arm-none-eabi/7.3.1/thumb/v7-m/crtbegin.o

.ARM.extab      0x000000000800417c        0x0
                0x000000000800417c                . = ALIGN (0x4)
 *(.ARM.extab* .gnu.linkonce.armextab.*)
                0x000000000800417c                . = ALIGN (0x4)

.ARM            0x000000000800417c        0x0
                0x000000000800417c                . = ALIGN (0x4)
                0x000000000800417c                __exidx_start = .
 *(.ARM.exidx*)
                0x000000000800417c                __exidx_end = .
                0x000000000800417c                . = ALIGN (0x4)

.preinit_array  0x000000000800417c        0x0
                0x000000000800417c                . = ALIGN (0x4)
                0x000000000800417c                PROVIDE (__preinit_array_start = .)
 *(.preinit_array*)
                0x000000000800417c                PROVIDE (__preinit_array_end = .)
                0x000000000800417c                . = ALIGN (0x4)

.init_array     0x000000000800417c        0x4
                0x000000000800417c                . = ALIGN (0x4)
                0x000000000800417c                PROVIDE (__init_array_start = .)
 *(SORT_BY_NAME(.init_array.*))
 *(.init_array*)
 .init_array    0x000000000800417c        0x4 c:/st/stm32cubeide_1.0.2/stm32cubeide/plugins/com.st.stm32cube.ide.mcu.externaltools.gnu-tools-for-stm32.7-2018-q2-update.win32_1.0.0.201904181610/tools/bin/../lib/gcc/arm-none-eabi/7.3.1/thumb/v7-m/crtbegin.o
                0x0000000008004180                PROVIDE (__init_array_end = .)
                0x0000000008004180                . = ALIGN (0x4)

.fini_array     0x0000000008004180        0x4
                0x0000000008004180                . = ALIGN (0x4)
                [!provide]                        PROVIDE (__fini_array_start = .)
 *(SORT_BY_NAME(.fini_array.*))
 *(.fini_array*)
 .fini_array    0x0000000008004180        0x4 c:/st/stm32cubeide_1.0.2/stm32cubeide/plugins/com.st.stm32cube.ide.mcu.externaltools.gnu-tools-for-stm32.7-2018-q2-update.win32_1.0.0.201904181610/tools/bin/../lib/gcc/arm-none-eabi/7.3.1/thumb/v7-m/crtbegin.o
                [!provide]                        PROVIDE (__fini_array_end = .)
                0x0000000008004184                . = ALIGN (0x4)
                0x0000000008004184                _sidata = LOADADDR (.data)

.data           0x0000000020000000      0x1a0 load address 0x0000000008004184
                0x0000000020000000                . = ALIGN (0x4)
                0x0000000020000000                _sdata = .
 *(.data)
 *(.data*)
 .data.uwTickFreq
                0x0000000020000000        0x1 Drivers/STM32F1xx_HAL_Driver/Src/stm32f1xx_hal.o
                0x0000000020000000                uwTickFreq
 *fill*         0x0000000020000001        0x3 
 .data.uwTickPrio
                0x0000000020000004        0x4 Drivers/STM32F1xx_HAL_Driver/Src/stm32f1xx_hal.o
                0x0000000020000004                uwTickPrio
 .data.USBD_CUSTOM_HID
                0x0000000020000008       0x38 Middlewares/ST/STM32_USB_Device_Library/Class/CustomHID/Src/usbd_customhid.o
                0x0000000020000008                USBD_CUSTOM_HID
 .data.USBD_CUSTOM_HID_CfgFSDesc
                0x0000000020000040       0x29 Middlewares/ST/STM32_USB_Device_Library/Class/CustomHID/Src/usbd_customhid.o
 *fill*         0x0000000020000069        0x3 
 .data.USBD_CUSTOM_HID_CfgHSDesc
                0x000000002000006c       0x29 Middlewares/ST/STM32_USB_Device_Library/Class/CustomHID/Src/usbd_customhid.o
 *fill*         0x0000000020000095        0x3 
 .data.USBD_CUSTOM_HID_Desc
                0x0000000020000098       0x21 Middlewares/ST/STM32_USB_Device_Library/Class/CustomHID/Src/usbd_customhid.o
 *fill*         0x00000000200000b9        0x3 
 .data.USBD_CUSTOM_HID_DeviceQualifierDesc
                0x00000000200000bc        0xa Middlewares/ST/STM32_USB_Device_Library/Class/CustomHID/Src/usbd_customhid.o
 *fill*         0x00000000200000c6        0x2 
 .data.USBD_CUSTOM_HID_OtherSpeedCfgDesc
                0x00000000200000c8       0x29 Middlewares/ST/STM32_USB_Device_Library/Class/CustomHID/Src/usbd_customhid.o
 *fill*         0x00000000200000f1        0x3 
 .data.device_preamble_Error
                0x00000000200000f4        0xa Src/main.o
                0x00000000200000f4                device_preamble_Error
 *fill*         0x00000000200000fe        0x2 
 .data.device_preamble_OK
                0x0000000020000100        0xa Src/main.o
                0x0000000020000100                device_preamble_OK
 *fill*         0x000000002000010a        0x2 
 .data.host_preamble
                0x000000002000010c        0xa Src/main.o
                0x000000002000010c                host_preamble
 *fill*         0x0000000020000116        0x2 
 .data.SystemCoreClock
                0x0000000020000118        0x4 Src/system_stm32f1xx.o
                0x0000000020000118                SystemCoreClock
 .data.CUSTOM_HID_ReportDesc_FS
                0x000000002000011c       0x21 Src/usbd_custom_hid_if.o
 *fill*         0x000000002000013d        0x3 
 .data.USBD_CustomHID_fops_FS
                0x0000000020000140       0x10 Src/usbd_custom_hid_if.o
                0x0000000020000140                USBD_CustomHID_fops_FS
 .data.FS_Desc  0x0000000020000150       0x1c Src/usbd_desc.o
                0x0000000020000150                FS_Desc
 .data.USBD_FS_DeviceDesc
                0x000000002000016c       0x12 Src/usbd_desc.o
                0x000000002000016c                USBD_FS_DeviceDesc
 *fill*         0x000000002000017e        0x2 
 .data.USBD_LangIDDesc
                0x0000000020000180        0x4 Src/usbd_desc.o
                0x0000000020000180                USBD_LangIDDesc
 .data.USBD_StringSerial
                0x0000000020000184       0x1a Src/usbd_desc.o
                0x0000000020000184                USBD_StringSerial
                0x00000000200001a0                . = ALIGN (0x4)
 *fill*         0x000000002000019e        0x2 
                0x00000000200001a0                _edata = .

.igot.plt       0x00000000200001a0        0x0 load address 0x0000000008004324
 .igot.plt      0x00000000200001a0        0x0 c:/st/stm32cubeide_1.0.2/stm32cubeide/plugins/com.st.stm32cube.ide.mcu.externaltools.gnu-tools-for-stm32.7-2018-q2-update.win32_1.0.0.201904181610/tools/bin/../lib/gcc/arm-none-eabi/7.3.1/thumb/v7-m/crtbegin.o
                0x00000000200001a0                . = ALIGN (0x4)

.bss            0x00000000200001a0      0xcf4 load address 0x0000000008004324
                0x00000000200001a0                _sbss = .
                0x00000000200001a0                __bss_start__ = _sbss
 *(.bss)
 .bss           0x00000000200001a0       0x1c c:/st/stm32cubeide_1.0.2/stm32cubeide/plugins/com.st.stm32cube.ide.mcu.externaltools.gnu-tools-for-stm32.7-2018-q2-update.win32_1.0.0.201904181610/tools/bin/../lib/gcc/arm-none-eabi/7.3.1/thumb/v7-m/crtbegin.o
 *(.bss*)
 .bss.cfgidx.7624
                0x00000000200001bc        0x1 Middlewares/ST/STM32_USB_Device_Library/Core/Src/usbd_ctlreq.o
 .bss.Flag_Rcvd_Data_HID
                0x00000000200001bd        0x1 Src/main.o
                0x00000000200001bd                Flag_Rcvd_Data_HID
 .bss.Index     0x00000000200001be        0x2 Src/main.o
                0x00000000200001be                Index
 .bss.index_verifier
                0x00000000200001c0        0x2 Src/main.o
                0x00000000200001c0                index_verifier
 .bss.k         0x00000000200001c2        0x2 Src/main.o
                0x00000000200001c2                k
 .bss.verifier  0x00000000200001c4        0x2 Src/main.o
                0x00000000200001c4                verifier
 *fill*         0x00000000200001c6        0x2 
 .bss.mem.7674  0x00000000200001c8       0x58 Src/usbd_conf.o
 *(COMMON)
 COMMON         0x0000000020000220        0x4 Drivers/STM32F1xx_HAL_Driver/Src/stm32f1xx_hal.o
                0x0000000020000220                uwTick
 COMMON         0x0000000020000224      0x540 Src/main.o
                0x0000000020000224                Freq_Times
                0x00000000200003b4                Flag_end_Transaction
                0x00000000200003b8                USB_RX_Buffer
                0x00000000200003f8                Gains
                0x00000000200004c0                HostMsgVerified
                0x00000000200004c4                DDS_Freqs
                0x0000000020000654                Freq_time
                0x0000000020000658                USB_TX_Buffer
                0x0000000020000698                Freqs_numbers
                0x000000002000069c                index_checker
 COMMON         0x0000000020000764      0x2c4 Src/usb_device.o
                0x0000000020000764                hUsbDeviceFS
 COMMON         0x0000000020000a28      0x26c Src/usbd_conf.o
                0x0000000020000a28                hpcd_USB_FS
 COMMON         0x0000000020000c94      0x200 Src/usbd_desc.o
                0x0000000020000c94                USBD_StrDesc
                0x0000000020000e94                . = ALIGN (0x4)
                0x0000000020000e94                _ebss = .
                0x0000000020000e94                __bss_end__ = _ebss

._user_heap_stack
                0x0000000020000e94      0x604 load address 0x0000000008004324
                0x0000000020000e98                . = ALIGN (0x8)
 *fill*         0x0000000020000e94        0x4 
                0x0000000020000e98                PROVIDE (end = .)
                [!provide]                        PROVIDE (_end = .)
                0x0000000020001098                . = (. + _Min_Heap_Size)
 *fill*         0x0000000020000e98      0x200 
                0x0000000020001498                . = (. + _Min_Stack_Size)
 *fill*         0x0000000020001098      0x400 
                0x0000000020001498                . = ALIGN (0x8)

/DISCARD/
 libc.a(*)
 libm.a(*)
 libgcc.a(*)

.ARM.attributes
                0x0000000000000000       0x29
 *(.ARM.attributes)
 .ARM.attributes
                0x0000000000000000       0x1d c:/st/stm32cubeide_1.0.2/stm32cubeide/plugins/com.st.stm32cube.ide.mcu.externaltools.gnu-tools-for-stm32.7-2018-q2-update.win32_1.0.0.201904181610/tools/bin/../lib/gcc/arm-none-eabi/7.3.1/thumb/v7-m/crti.o
 .ARM.attributes
                0x000000000000001d       0x2d c:/st/stm32cubeide_1.0.2/stm32cubeide/plugins/com.st.stm32cube.ide.mcu.externaltools.gnu-tools-for-stm32.7-2018-q2-update.win32_1.0.0.201904181610/tools/bin/../lib/gcc/arm-none-eabi/7.3.1/thumb/v7-m/crtbegin.o
 .ARM.attributes
                0x000000000000004a       0x2f Drivers/STM32F1xx_HAL_Driver/Src/stm32f1xx_hal.o
 .ARM.attributes
                0x0000000000000079       0x2f Drivers/STM32F1xx_HAL_Driver/Src/stm32f1xx_hal_cortex.o
 .ARM.attributes
                0x00000000000000a8       0x2f Drivers/STM32F1xx_HAL_Driver/Src/stm32f1xx_hal_gpio.o
 .ARM.attributes
                0x00000000000000d7       0x2f Drivers/STM32F1xx_HAL_Driver/Src/stm32f1xx_hal_pcd.o
 .ARM.attributes
                0x0000000000000106       0x2f Drivers/STM32F1xx_HAL_Driver/Src/stm32f1xx_hal_pcd_ex.o
 .ARM.attributes
                0x0000000000000135       0x2f Drivers/STM32F1xx_HAL_Driver/Src/stm32f1xx_hal_rcc.o
 .ARM.attributes
                0x0000000000000164       0x2f Drivers/STM32F1xx_HAL_Driver/Src/stm32f1xx_hal_rcc_ex.o
 .ARM.attributes
                0x0000000000000193       0x2f Drivers/STM32F1xx_HAL_Driver/Src/stm32f1xx_ll_usb.o
 .ARM.attributes
                0x00000000000001c2       0x2f Middlewares/ST/STM32_USB_Device_Library/Class/CustomHID/Src/usbd_customhid.o
 .ARM.attributes
                0x00000000000001f1       0x2f Middlewares/ST/STM32_USB_Device_Library/Core/Src/usbd_core.o
 .ARM.attributes
                0x0000000000000220       0x2f Middlewares/ST/STM32_USB_Device_Library/Core/Src/usbd_ctlreq.o
 .ARM.attributes
                0x000000000000024f       0x2f Middlewares/ST/STM32_USB_Device_Library/Core/Src/usbd_ioreq.o
 .ARM.attributes
                0x000000000000027e       0x2f Src/delay.o
 .ARM.attributes
                0x00000000000002ad       0x2f Src/main.o
 .ARM.attributes
                0x00000000000002dc       0x2f Src/stm32f1xx_hal_msp.o
 .ARM.attributes
                0x000000000000030b       0x2f Src/stm32f1xx_it.o
 .ARM.attributes
                0x000000000000033a       0x2f Src/system_stm32f1xx.o
 .ARM.attributes
                0x0000000000000369       0x2f Src/usb_device.o
 .ARM.attributes
                0x0000000000000398       0x2f Src/usbd_conf.o
 .ARM.attributes
                0x00000000000003c7       0x2f Src/usbd_custom_hid_if.o
 .ARM.attributes
                0x00000000000003f6       0x2f Src/usbd_desc.o
 .ARM.attributes
                0x0000000000000425       0x21 Startup/startup_stm32f103c8tx.o
 .ARM.attributes
                0x0000000000000446       0x2d c:/st/stm32cubeide_1.0.2/stm32cubeide/plugins/com.st.stm32cube.ide.mcu.externaltools.gnu-tools-for-stm32.7-2018-q2-update.win32_1.0.0.201904181610/tools/bin/../lib/gcc/arm-none-eabi/7.3.1/../../../../arm-none-eabi/lib/thumb/v7-m\libc_nano.a(lib_a-init.o)
 .ARM.attributes
                0x0000000000000473       0x2d c:/st/stm32cubeide_1.0.2/stm32cubeide/plugins/com.st.stm32cube.ide.mcu.externaltools.gnu-tools-for-stm32.7-2018-q2-update.win32_1.0.0.201904181610/tools/bin/../lib/gcc/arm-none-eabi/7.3.1/../../../../arm-none-eabi/lib/thumb/v7-m\libc_nano.a(lib_a-memmove.o)
 .ARM.attributes
                0x00000000000004a0       0x2d c:/st/stm32cubeide_1.0.2/stm32cubeide/plugins/com.st.stm32cube.ide.mcu.externaltools.gnu-tools-for-stm32.7-2018-q2-update.win32_1.0.0.201904181610/tools/bin/../lib/gcc/arm-none-eabi/7.3.1/../../../../arm-none-eabi/lib/thumb/v7-m\libc_nano.a(lib_a-memset.o)
 .ARM.attributes
                0x00000000000004cd       0x1d c:/st/stm32cubeide_1.0.2/stm32cubeide/plugins/com.st.stm32cube.ide.mcu.externaltools.gnu-tools-for-stm32.7-2018-q2-update.win32_1.0.0.201904181610/tools/bin/../lib/gcc/arm-none-eabi/7.3.1/thumb/v7-m\libgcc.a(_arm_addsubdf3.o)
 .ARM.attributes
                0x00000000000004ea       0x1d c:/st/stm32cubeide_1.0.2/stm32cubeide/plugins/com.st.stm32cube.ide.mcu.externaltools.gnu-tools-for-stm32.7-2018-q2-update.win32_1.0.0.201904181610/tools/bin/../lib/gcc/arm-none-eabi/7.3.1/thumb/v7-m\libgcc.a(_arm_muldivdf3.o)
 .ARM.attributes
                0x0000000000000507       0x1d c:/st/stm32cubeide_1.0.2/stm32cubeide/plugins/com.st.stm32cube.ide.mcu.externaltools.gnu-tools-for-stm32.7-2018-q2-update.win32_1.0.0.201904181610/tools/bin/../lib/gcc/arm-none-eabi/7.3.1/thumb/v7-m\libgcc.a(_arm_fixunsdfsi.o)
 .ARM.attributes
                0x0000000000000524       0x1d c:/st/stm32cubeide_1.0.2/stm32cubeide/plugins/com.st.stm32cube.ide.mcu.externaltools.gnu-tools-for-stm32.7-2018-q2-update.win32_1.0.0.201904181610/tools/bin/../lib/gcc/arm-none-eabi/7.3.1/thumb/v7-m/crtn.o
OUTPUT(Signal_Generator_v2.elf elf32-littlearm)

.debug_info     0x0000000000000000    0x126ee
 .debug_info    0x0000000000000000      0x7d1 Drivers/STM32F1xx_HAL_Driver/Src/stm32f1xx_hal.o
 .debug_info    0x00000000000007d1      0xca8 Drivers/STM32F1xx_HAL_Driver/Src/stm32f1xx_hal_cortex.o
 .debug_info    0x0000000000001479      0x695 Drivers/STM32F1xx_HAL_Driver/Src/stm32f1xx_hal_gpio.o
 .debug_info    0x0000000000001b0e     0x1465 Drivers/STM32F1xx_HAL_Driver/Src/stm32f1xx_hal_pcd.o
 .debug_info    0x0000000000002f73      0x754 Drivers/STM32F1xx_HAL_Driver/Src/stm32f1xx_hal_pcd_ex.o
 .debug_info    0x00000000000036c7      0xa7e Drivers/STM32F1xx_HAL_Driver/Src/stm32f1xx_hal_rcc.o
 .debug_info    0x0000000000004145      0x488 Drivers/STM32F1xx_HAL_Driver/Src/stm32f1xx_hal_rcc_ex.o
 .debug_info    0x00000000000045cd     0x1697 Drivers/STM32F1xx_HAL_Driver/Src/stm32f1xx_ll_usb.o
 .debug_info    0x0000000000005c64     0x1440 Middlewares/ST/STM32_USB_Device_Library/Class/CustomHID/Src/usbd_customhid.o
 .debug_info    0x00000000000070a4     0x1529 Middlewares/ST/STM32_USB_Device_Library/Core/Src/usbd_core.o
 .debug_info    0x00000000000085cd     0x169e Middlewares/ST/STM32_USB_Device_Library/Core/Src/usbd_ctlreq.o
 .debug_info    0x0000000000009c6b     0x101d Middlewares/ST/STM32_USB_Device_Library/Core/Src/usbd_ioreq.o
 .debug_info    0x000000000000ac88      0x31b Src/delay.o
 .debug_info    0x000000000000afa3     0x1b3a Src/main.o
 .debug_info    0x000000000000cadd      0x2c2 Src/stm32f1xx_hal_msp.o
 .debug_info    0x000000000000cd9f      0x6a8 Src/stm32f1xx_it.o
 .debug_info    0x000000000000d447      0x436 Src/system_stm32f1xx.o
 .debug_info    0x000000000000d87d      0xf07 Src/usb_device.o
 .debug_info    0x000000000000e784     0x2121 Src/usbd_conf.o
 .debug_info    0x00000000000108a5      0xf80 Src/usbd_custom_hid_if.o
 .debug_info    0x0000000000011825      0xea7 Src/usbd_desc.o
 .debug_info    0x00000000000126cc       0x22 Startup/startup_stm32f103c8tx.o

.debug_abbrev   0x0000000000000000     0x3240
 .debug_abbrev  0x0000000000000000      0x251 Drivers/STM32F1xx_HAL_Driver/Src/stm32f1xx_hal.o
 .debug_abbrev  0x0000000000000251      0x2fb Drivers/STM32F1xx_HAL_Driver/Src/stm32f1xx_hal_cortex.o
 .debug_abbrev  0x000000000000054c      0x1dc Drivers/STM32F1xx_HAL_Driver/Src/stm32f1xx_hal_gpio.o
 .debug_abbrev  0x0000000000000728      0x350 Drivers/STM32F1xx_HAL_Driver/Src/stm32f1xx_hal_pcd.o
 .debug_abbrev  0x0000000000000a78      0x1b6 Drivers/STM32F1xx_HAL_Driver/Src/stm32f1xx_hal_pcd_ex.o
 .debug_abbrev  0x0000000000000c2e      0x2e9 Drivers/STM32F1xx_HAL_Driver/Src/stm32f1xx_hal_rcc.o
 .debug_abbrev  0x0000000000000f17      0x1c7 Drivers/STM32F1xx_HAL_Driver/Src/stm32f1xx_hal_rcc_ex.o
 .debug_abbrev  0x00000000000010de      0x2ce Drivers/STM32F1xx_HAL_Driver/Src/stm32f1xx_ll_usb.o
 .debug_abbrev  0x00000000000013ac      0x2b0 Middlewares/ST/STM32_USB_Device_Library/Class/CustomHID/Src/usbd_customhid.o
 .debug_abbrev  0x000000000000165c      0x300 Middlewares/ST/STM32_USB_Device_Library/Core/Src/usbd_core.o
 .debug_abbrev  0x000000000000195c      0x3a6 Middlewares/ST/STM32_USB_Device_Library/Core/Src/usbd_ctlreq.o
 .debug_abbrev  0x0000000000001d02      0x1fc Middlewares/ST/STM32_USB_Device_Library/Core/Src/usbd_ioreq.o
 .debug_abbrev  0x0000000000001efe       0xd9 Src/delay.o
 .debug_abbrev  0x0000000000001fd7      0x3f7 Src/main.o
 .debug_abbrev  0x00000000000023ce      0x110 Src/stm32f1xx_hal_msp.o
 .debug_abbrev  0x00000000000024de      0x1a6 Src/stm32f1xx_it.o
 .debug_abbrev  0x0000000000002684      0x134 Src/system_stm32f1xx.o
 .debug_abbrev  0x00000000000027b8      0x203 Src/usb_device.o
 .debug_abbrev  0x00000000000029bb      0x32b Src/usbd_conf.o
 .debug_abbrev  0x0000000000002ce6      0x232 Src/usbd_custom_hid_if.o
 .debug_abbrev  0x0000000000002f18      0x316 Src/usbd_desc.o
 .debug_abbrev  0x000000000000322e       0x12 Startup/startup_stm32f103c8tx.o

.debug_loc      0x0000000000000000     0x6824
 .debug_loc     0x0000000000000000      0x10d Drivers/STM32F1xx_HAL_Driver/Src/stm32f1xx_hal.o
 .debug_loc     0x000000000000010d      0x588 Drivers/STM32F1xx_HAL_Driver/Src/stm32f1xx_hal_cortex.o
 .debug_loc     0x0000000000000695      0x3a9 Drivers/STM32F1xx_HAL_Driver/Src/stm32f1xx_hal_gpio.o
 .debug_loc     0x0000000000000a3e      0xc35 Drivers/STM32F1xx_HAL_Driver/Src/stm32f1xx_hal_pcd.o
 .debug_loc     0x0000000000001673       0xea Drivers/STM32F1xx_HAL_Driver/Src/stm32f1xx_hal_pcd_ex.o
 .debug_loc     0x000000000000175d      0x626 Drivers/STM32F1xx_HAL_Driver/Src/stm32f1xx_hal_rcc.o
 .debug_loc     0x0000000000001d83      0x2f2 Drivers/STM32F1xx_HAL_Driver/Src/stm32f1xx_hal_rcc_ex.o
 .debug_loc     0x0000000000002075     0x1788 Drivers/STM32F1xx_HAL_Driver/Src/stm32f1xx_ll_usb.o
 .debug_loc     0x00000000000037fd      0x5df Middlewares/ST/STM32_USB_Device_Library/Class/CustomHID/Src/usbd_customhid.o
 .debug_loc     0x0000000000003ddc      0x76c Middlewares/ST/STM32_USB_Device_Library/Core/Src/usbd_core.o
 .debug_loc     0x0000000000004548      0xb72 Middlewares/ST/STM32_USB_Device_Library/Core/Src/usbd_ctlreq.o
 .debug_loc     0x00000000000050ba      0x23c Middlewares/ST/STM32_USB_Device_Library/Core/Src/usbd_ioreq.o
 .debug_loc     0x00000000000052f6      0x69e Src/main.o
 .debug_loc     0x0000000000005994       0xf0 Src/system_stm32f1xx.o
 .debug_loc     0x0000000000005a84      0x922 Src/usbd_conf.o
 .debug_loc     0x00000000000063a6       0x99 Src/usbd_custom_hid_if.o
 .debug_loc     0x000000000000643f      0x3e5 Src/usbd_desc.o

.debug_aranges  0x0000000000000000      0x8c8
 .debug_aranges
                0x0000000000000000       0xd8 Drivers/STM32F1xx_HAL_Driver/Src/stm32f1xx_hal.o
 .debug_aranges
                0x00000000000000d8       0x90 Drivers/STM32F1xx_HAL_Driver/Src/stm32f1xx_hal_cortex.o
 .debug_aranges
                0x0000000000000168       0x58 Drivers/STM32F1xx_HAL_Driver/Src/stm32f1xx_hal_gpio.o
 .debug_aranges
                0x00000000000001c0       0xc0 Drivers/STM32F1xx_HAL_Driver/Src/stm32f1xx_hal_pcd.o
 .debug_aranges
                0x0000000000000280       0x28 Drivers/STM32F1xx_HAL_Driver/Src/stm32f1xx_hal_pcd_ex.o
 .debug_aranges
                0x00000000000002a8       0x88 Drivers/STM32F1xx_HAL_Driver/Src/stm32f1xx_hal_rcc.o
 .debug_aranges
                0x0000000000000330       0x30 Drivers/STM32F1xx_HAL_Driver/Src/stm32f1xx_hal_rcc_ex.o
 .debug_aranges
                0x0000000000000360       0xe0 Drivers/STM32F1xx_HAL_Driver/Src/stm32f1xx_ll_usb.o
 .debug_aranges
                0x0000000000000440       0x78 Middlewares/ST/STM32_USB_Device_Library/Class/CustomHID/Src/usbd_customhid.o
 .debug_aranges
                0x00000000000004b8       0xa8 Middlewares/ST/STM32_USB_Device_Library/Core/Src/usbd_core.o
 .debug_aranges
                0x0000000000000560       0x48 Middlewares/ST/STM32_USB_Device_Library/Core/Src/usbd_ctlreq.o
 .debug_aranges
                0x00000000000005a8       0x50 Middlewares/ST/STM32_USB_Device_Library/Core/Src/usbd_ioreq.o
 .debug_aranges
                0x00000000000005f8       0x20 Src/delay.o
 .debug_aranges
                0x0000000000000618       0x48 Src/main.o
 .debug_aranges
                0x0000000000000660       0x20 Src/stm32f1xx_hal_msp.o
 .debug_aranges
                0x0000000000000680       0x50 Src/stm32f1xx_it.o
 .debug_aranges
                0x00000000000006d0       0x28 Src/system_stm32f1xx.o
 .debug_aranges
                0x00000000000006f8       0x20 Src/usb_device.o
 .debug_aranges
                0x0000000000000718      0x110 Src/usbd_conf.o
 .debug_aranges
                0x0000000000000828       0x28 Src/usbd_custom_hid_if.o
 .debug_aranges
                0x0000000000000850       0x50 Src/usbd_desc.o
 .debug_aranges
                0x00000000000008a0       0x28 Startup/startup_stm32f103c8tx.o

.debug_ranges   0x0000000000000000     0x1178
 .debug_ranges  0x0000000000000000       0xc8 Drivers/STM32F1xx_HAL_Driver/Src/stm32f1xx_hal.o
 .debug_ranges  0x00000000000000c8      0x148 Drivers/STM32F1xx_HAL_Driver/Src/stm32f1xx_hal_cortex.o
 .debug_ranges  0x0000000000000210       0x68 Drivers/STM32F1xx_HAL_Driver/Src/stm32f1xx_hal_gpio.o
 .debug_ranges  0x0000000000000278      0x1d0 Drivers/STM32F1xx_HAL_Driver/Src/stm32f1xx_hal_pcd.o
 .debug_ranges  0x0000000000000448       0x18 Drivers/STM32F1xx_HAL_Driver/Src/stm32f1xx_hal_pcd_ex.o
 .debug_ranges  0x0000000000000460       0xf8 Drivers/STM32F1xx_HAL_Driver/Src/stm32f1xx_hal_rcc.o
 .debug_ranges  0x0000000000000558       0x58 Drivers/STM32F1xx_HAL_Driver/Src/stm32f1xx_hal_rcc_ex.o
 .debug_ranges  0x00000000000005b0      0x3e8 Drivers/STM32F1xx_HAL_Driver/Src/stm32f1xx_ll_usb.o
 .debug_ranges  0x0000000000000998       0x68 Middlewares/ST/STM32_USB_Device_Library/Class/CustomHID/Src/usbd_customhid.o
 .debug_ranges  0x0000000000000a00       0x98 Middlewares/ST/STM32_USB_Device_Library/Core/Src/usbd_core.o
 .debug_ranges  0x0000000000000a98       0xf0 Middlewares/ST/STM32_USB_Device_Library/Core/Src/usbd_ctlreq.o
 .debug_ranges  0x0000000000000b88       0x40 Middlewares/ST/STM32_USB_Device_Library/Core/Src/usbd_ioreq.o
 .debug_ranges  0x0000000000000bc8       0x10 Src/delay.o
 .debug_ranges  0x0000000000000bd8      0x298 Src/main.o
 .debug_ranges  0x0000000000000e70       0x48 Src/stm32f1xx_hal_msp.o
 .debug_ranges  0x0000000000000eb8       0x40 Src/stm32f1xx_it.o
 .debug_ranges  0x0000000000000ef8       0x18 Src/system_stm32f1xx.o
 .debug_ranges  0x0000000000000f10       0x10 Src/usb_device.o
 .debug_ranges  0x0000000000000f20      0x130 Src/usbd_conf.o
 .debug_ranges  0x0000000000001050       0x38 Src/usbd_custom_hid_if.o
 .debug_ranges  0x0000000000001088       0xd0 Src/usbd_desc.o
 .debug_ranges  0x0000000000001158       0x20 Startup/startup_stm32f103c8tx.o

.debug_macro    0x0000000000000000    0x167c1
 .debug_macro   0x0000000000000000      0x1c3 Drivers/STM32F1xx_HAL_Driver/Src/stm32f1xx_hal.o
 .debug_macro   0x00000000000001c3      0xa66 Drivers/STM32F1xx_HAL_Driver/Src/stm32f1xx_hal.o
 .debug_macro   0x0000000000000c29      0x215 Drivers/STM32F1xx_HAL_Driver/Src/stm32f1xx_hal.o
 .debug_macro   0x0000000000000e3e       0x2e Drivers/STM32F1xx_HAL_Driver/Src/stm32f1xx_hal.o
 .debug_macro   0x0000000000000e6c       0x22 Drivers/STM32F1xx_HAL_Driver/Src/stm32f1xx_hal.o
 .debug_macro   0x0000000000000e8e       0x22 Drivers/STM32F1xx_HAL_Driver/Src/stm32f1xx_hal.o
 .debug_macro   0x0000000000000eb0       0x8e Drivers/STM32F1xx_HAL_Driver/Src/stm32f1xx_hal.o
 .debug_macro   0x0000000000000f3e       0x51 Drivers/STM32F1xx_HAL_Driver/Src/stm32f1xx_hal.o
 .debug_macro   0x0000000000000f8f       0xef Drivers/STM32F1xx_HAL_Driver/Src/stm32f1xx_hal.o
 .debug_macro   0x000000000000107e       0x6a Drivers/STM32F1xx_HAL_Driver/Src/stm32f1xx_hal.o
 .debug_macro   0x00000000000010e8      0x1df Drivers/STM32F1xx_HAL_Driver/Src/stm32f1xx_hal.o
 .debug_macro   0x00000000000012c7       0x1c Drivers/STM32F1xx_HAL_Driver/Src/stm32f1xx_hal.o
 .debug_macro   0x00000000000012e3       0x22 Drivers/STM32F1xx_HAL_Driver/Src/stm32f1xx_hal.o
 .debug_macro   0x0000000000001305       0xc3 Drivers/STM32F1xx_HAL_Driver/Src/stm32f1xx_hal.o
 .debug_macro   0x00000000000013c8      0xd23 Drivers/STM32F1xx_HAL_Driver/Src/stm32f1xx_hal.o
 .debug_macro   0x00000000000020eb     0xe09e Drivers/STM32F1xx_HAL_Driver/Src/stm32f1xx_hal.o
 .debug_macro   0x0000000000010189       0x43 Drivers/STM32F1xx_HAL_Driver/Src/stm32f1xx_hal.o
 .debug_macro   0x00000000000101cc      0x174 Drivers/STM32F1xx_HAL_Driver/Src/stm32f1xx_hal.o
 .debug_macro   0x0000000000010340       0x5a Drivers/STM32F1xx_HAL_Driver/Src/stm32f1xx_hal.o
 .debug_macro   0x000000000001039a      0x5be Drivers/STM32F1xx_HAL_Driver/Src/stm32f1xx_hal.o
 .debug_macro   0x0000000000010958      0x289 Drivers/STM32F1xx_HAL_Driver/Src/stm32f1xx_hal.o
 .debug_macro   0x0000000000010be1      0x1cb Drivers/STM32F1xx_HAL_Driver/Src/stm32f1xx_hal.o
 .debug_macro   0x0000000000010dac      0x114 Drivers/STM32F1xx_HAL_Driver/Src/stm32f1xx_hal.o
 .debug_macro   0x0000000000010ec0      0x1b2 Drivers/STM32F1xx_HAL_Driver/Src/stm32f1xx_hal.o
 .debug_macro   0x0000000000011072       0x27 Drivers/STM32F1xx_HAL_Driver/Src/stm32f1xx_hal.o
 .debug_macro   0x0000000000011099      0x136 Drivers/STM32F1xx_HAL_Driver/Src/stm32f1xx_hal.o
 .debug_macro   0x00000000000111cf      0x1bc Drivers/STM32F1xx_HAL_Driver/Src/stm32f1xx_hal.o
 .debug_macro   0x000000000001138b       0x34 Drivers/STM32F1xx_HAL_Driver/Src/stm32f1xx_hal.o
 .debug_macro   0x00000000000113bf       0x3c Drivers/STM32F1xx_HAL_Driver/Src/stm32f1xx_hal.o
 .debug_macro   0x00000000000113fb       0x57 Drivers/STM32F1xx_HAL_Driver/Src/stm32f1xx_hal.o
 .debug_macro   0x0000000000011452       0x88 Drivers/STM32F1xx_HAL_Driver/Src/stm32f1xx_hal.o
 .debug_macro   0x00000000000114da      0x241 Drivers/STM32F1xx_HAL_Driver/Src/stm32f1xx_hal.o
 .debug_macro   0x000000000001171b      0x141 Drivers/STM32F1xx_HAL_Driver/Src/stm32f1xx_hal.o
 .debug_macro   0x000000000001185c       0x65 Drivers/STM32F1xx_HAL_Driver/Src/stm32f1xx_hal.o
 .debug_macro   0x00000000000118c1      0x249 Drivers/STM32F1xx_HAL_Driver/Src/stm32f1xx_hal.o
 .debug_macro   0x0000000000011b0a       0x83 Drivers/STM32F1xx_HAL_Driver/Src/stm32f1xx_hal.o
 .debug_macro   0x0000000000011b8d      0x19f Drivers/STM32F1xx_HAL_Driver/Src/stm32f1xx_hal_cortex.o
 .debug_macro   0x0000000000011d2c      0x20a Drivers/STM32F1xx_HAL_Driver/Src/stm32f1xx_hal_gpio.o
 .debug_macro   0x0000000000011f36      0x1ab Drivers/STM32F1xx_HAL_Driver/Src/stm32f1xx_hal_pcd.o
 .debug_macro   0x00000000000120e1      0x19f Drivers/STM32F1xx_HAL_Driver/Src/stm32f1xx_hal_pcd_ex.o
 .debug_macro   0x0000000000012280      0x1b1 Drivers/STM32F1xx_HAL_Driver/Src/stm32f1xx_hal_rcc.o
 .debug_macro   0x0000000000012431      0x19f Drivers/STM32F1xx_HAL_Driver/Src/stm32f1xx_hal_rcc_ex.o
 .debug_macro   0x00000000000125d0      0x19f Drivers/STM32F1xx_HAL_Driver/Src/stm32f1xx_ll_usb.o
 .debug_macro   0x000000000001276f      0x3bb Middlewares/ST/STM32_USB_Device_Library/Class/CustomHID/Src/usbd_customhid.o
 .debug_macro   0x0000000000012b2a       0x40 Middlewares/ST/STM32_USB_Device_Library/Class/CustomHID/Src/usbd_customhid.o
 .debug_macro   0x0000000000012b6a       0x18 Middlewares/ST/STM32_USB_Device_Library/Class/CustomHID/Src/usbd_customhid.o
 .debug_macro   0x0000000000012b82       0x94 Middlewares/ST/STM32_USB_Device_Library/Class/CustomHID/Src/usbd_customhid.o
 .debug_macro   0x0000000000012c16       0x3c Middlewares/ST/STM32_USB_Device_Library/Class/CustomHID/Src/usbd_customhid.o
 .debug_macro   0x0000000000012c52       0x34 Middlewares/ST/STM32_USB_Device_Library/Class/CustomHID/Src/usbd_customhid.o
 .debug_macro   0x0000000000012c86       0x16 Middlewares/ST/STM32_USB_Device_Library/Class/CustomHID/Src/usbd_customhid.o
 .debug_macro   0x0000000000012c9c       0x57 Middlewares/ST/STM32_USB_Device_Library/Class/CustomHID/Src/usbd_customhid.o
 .debug_macro   0x0000000000012cf3       0x97 Middlewares/ST/STM32_USB_Device_Library/Class/CustomHID/Src/usbd_customhid.o
 .debug_macro   0x0000000000012d8a      0x330 Middlewares/ST/STM32_USB_Device_Library/Class/CustomHID/Src/usbd_customhid.o
 .debug_macro   0x00000000000130ba       0xfd Middlewares/ST/STM32_USB_Device_Library/Class/CustomHID/Src/usbd_customhid.o
 .debug_macro   0x00000000000131b7       0x10 Middlewares/ST/STM32_USB_Device_Library/Class/CustomHID/Src/usbd_customhid.o
 .debug_macro   0x00000000000131c7       0x52 Middlewares/ST/STM32_USB_Device_Library/Class/CustomHID/Src/usbd_customhid.o
 .debug_macro   0x0000000000013219       0x1f Middlewares/ST/STM32_USB_Device_Library/Class/CustomHID/Src/usbd_customhid.o
 .debug_macro   0x0000000000013238       0x43 Middlewares/ST/STM32_USB_Device_Library/Class/CustomHID/Src/usbd_customhid.o
 .debug_macro   0x000000000001327b       0x20 Middlewares/ST/STM32_USB_Device_Library/Class/CustomHID/Src/usbd_customhid.o
 .debug_macro   0x000000000001329b      0x1a3 Middlewares/ST/STM32_USB_Device_Library/Class/CustomHID/Src/usbd_customhid.o
 .debug_macro   0x000000000001343e       0x10 Middlewares/ST/STM32_USB_Device_Library/Class/CustomHID/Src/usbd_customhid.o
 .debug_macro   0x000000000001344e       0x1c Middlewares/ST/STM32_USB_Device_Library/Class/CustomHID/Src/usbd_customhid.o
 .debug_macro   0x000000000001346a       0x52 Middlewares/ST/STM32_USB_Device_Library/Class/CustomHID/Src/usbd_customhid.o
 .debug_macro   0x00000000000134bc       0x40 Middlewares/ST/STM32_USB_Device_Library/Class/CustomHID/Src/usbd_customhid.o
 .debug_macro   0x00000000000134fc       0x10 Middlewares/ST/STM32_USB_Device_Library/Class/CustomHID/Src/usbd_customhid.o
 .debug_macro   0x000000000001350c       0x40 Middlewares/ST/STM32_USB_Device_Library/Class/CustomHID/Src/usbd_customhid.o
 .debug_macro   0x000000000001354c       0xd7 Middlewares/ST/STM32_USB_Device_Library/Class/CustomHID/Src/usbd_customhid.o
 .debug_macro   0x0000000000013623       0x1c Middlewares/ST/STM32_USB_Device_Library/Class/CustomHID/Src/usbd_customhid.o
 .debug_macro   0x000000000001363f       0x3d Middlewares/ST/STM32_USB_Device_Library/Class/CustomHID/Src/usbd_customhid.o
 .debug_macro   0x000000000001367c       0x16 Middlewares/ST/STM32_USB_Device_Library/Class/CustomHID/Src/usbd_customhid.o
 .debug_macro   0x0000000000013692      0x145 Middlewares/ST/STM32_USB_Device_Library/Class/CustomHID/Src/usbd_customhid.o
 .debug_macro   0x00000000000137d7       0x16 Middlewares/ST/STM32_USB_Device_Library/Class/CustomHID/Src/usbd_customhid.o
 .debug_macro   0x00000000000137ed       0x35 Middlewares/ST/STM32_USB_Device_Library/Class/CustomHID/Src/usbd_customhid.o
 .debug_macro   0x0000000000013822       0x16 Middlewares/ST/STM32_USB_Device_Library/Class/CustomHID/Src/usbd_customhid.o
 .debug_macro   0x0000000000013838       0x29 Middlewares/ST/STM32_USB_Device_Library/Class/CustomHID/Src/usbd_customhid.o
 .debug_macro   0x0000000000013861       0x16 Middlewares/ST/STM32_USB_Device_Library/Class/CustomHID/Src/usbd_customhid.o
 .debug_macro   0x0000000000013877       0x20 Middlewares/ST/STM32_USB_Device_Library/Class/CustomHID/Src/usbd_customhid.o
 .debug_macro   0x0000000000013897       0xbd Middlewares/ST/STM32_USB_Device_Library/Class/CustomHID/Src/usbd_customhid.o
 .debug_macro   0x0000000000013954       0x54 Middlewares/ST/STM32_USB_Device_Library/Class/CustomHID/Src/usbd_customhid.o
 .debug_macro   0x00000000000139a8       0xa0 Middlewares/ST/STM32_USB_Device_Library/Class/CustomHID/Src/usbd_customhid.o
 .debug_macro   0x0000000000013a48       0x66 Middlewares/ST/STM32_USB_Device_Library/Class/CustomHID/Src/usbd_customhid.o
 .debug_macro   0x0000000000013aae      0x1c8 Middlewares/ST/STM32_USB_Device_Library/Class/CustomHID/Src/usbd_customhid.o
 .debug_macro   0x0000000000013c76       0x6b Middlewares/ST/STM32_USB_Device_Library/Class/CustomHID/Src/usbd_customhid.o
 .debug_macro   0x0000000000013ce1      0x3a2 Middlewares/ST/STM32_USB_Device_Library/Core/Src/usbd_core.o
 .debug_macro   0x0000000000014083      0x1ce Middlewares/ST/STM32_USB_Device_Library/Core/Src/usbd_core.o
 .debug_macro   0x0000000000014251      0x3ac Middlewares/ST/STM32_USB_Device_Library/Core/Src/usbd_ctlreq.o
 .debug_macro   0x00000000000145fd      0x3a8 Middlewares/ST/STM32_USB_Device_Library/Core/Src/usbd_ioreq.o
 .debug_macro   0x00000000000149a5      0x1a9 Src/delay.o
 .debug_macro   0x0000000000014b4e      0x3d9 Src/main.o
 .debug_macro   0x0000000000014f27       0x46 Src/main.o
 .debug_macro   0x0000000000014f6d      0x32a Src/main.o
 .debug_macro   0x0000000000015297      0x1ae Src/stm32f1xx_hal_msp.o
 .debug_macro   0x0000000000015445      0x1b8 Src/stm32f1xx_it.o
 .debug_macro   0x00000000000155fd      0x1a5 Src/system_stm32f1xx.o
 .debug_macro   0x00000000000157a2      0x3dc Src/usb_device.o
 .debug_macro   0x0000000000015b7e       0xa6 Src/usb_device.o
 .debug_macro   0x0000000000015c24       0x22 Src/usb_device.o
 .debug_macro   0x0000000000015c46      0x3bf Src/usbd_conf.o
 .debug_macro   0x0000000000016005      0x3c1 Src/usbd_custom_hid_if.o
 .debug_macro   0x00000000000163c6      0x3df Src/usbd_desc.o
 .debug_macro   0x00000000000167a5       0x1c Src/usbd_desc.o

.debug_line     0x0000000000000000     0xc1d9
 .debug_line    0x0000000000000000      0x808 Drivers/STM32F1xx_HAL_Driver/Src/stm32f1xx_hal.o
 .debug_line    0x0000000000000808      0x85d Drivers/STM32F1xx_HAL_Driver/Src/stm32f1xx_hal_cortex.o
 .debug_line    0x0000000000001065      0x802 Drivers/STM32F1xx_HAL_Driver/Src/stm32f1xx_hal_gpio.o
 .debug_line    0x0000000000001867      0xb1f Drivers/STM32F1xx_HAL_Driver/Src/stm32f1xx_hal_pcd.o
 .debug_line    0x0000000000002386      0x65f Drivers/STM32F1xx_HAL_Driver/Src/stm32f1xx_hal_pcd_ex.o
 .debug_line    0x00000000000029e5      0xa2c Drivers/STM32F1xx_HAL_Driver/Src/stm32f1xx_hal_rcc.o
 .debug_line    0x0000000000003411      0x730 Drivers/STM32F1xx_HAL_Driver/Src/stm32f1xx_hal_rcc_ex.o
 .debug_line    0x0000000000003b41      0xa34 Drivers/STM32F1xx_HAL_Driver/Src/stm32f1xx_ll_usb.o
 .debug_line    0x0000000000004575      0xad8 Middlewares/ST/STM32_USB_Device_Library/Class/CustomHID/Src/usbd_customhid.o
 .debug_line    0x000000000000504d      0xb23 Middlewares/ST/STM32_USB_Device_Library/Core/Src/usbd_core.o
 .debug_line    0x0000000000005b70      0xab3 Middlewares/ST/STM32_USB_Device_Library/Core/Src/usbd_ctlreq.o
 .debug_line    0x0000000000006623      0x977 Middlewares/ST/STM32_USB_Device_Library/Core/Src/usbd_ioreq.o
 .debug_line    0x0000000000006f9a      0x62a Src/delay.o
 .debug_line    0x00000000000075c4     0x1048 Src/main.o
 .debug_line    0x000000000000860c      0x631 Src/stm32f1xx_hal_msp.o
 .debug_line    0x0000000000008c3d      0x697 Src/stm32f1xx_it.o
 .debug_line    0x00000000000092d4      0x668 Src/system_stm32f1xx.o
 .debug_line    0x000000000000993c      0x961 Src/usb_device.o
 .debug_line    0x000000000000a29d      0xb75 Src/usbd_conf.o
 .debug_line    0x000000000000ae12      0x962 Src/usbd_custom_hid_if.o
 .debug_line    0x000000000000b774      0x9e6 Src/usbd_desc.o
 .debug_line    0x000000000000c15a       0x7f Startup/startup_stm32f103c8tx.o

.debug_str      0x0000000000000000    0x6d3f8
 .debug_str     0x0000000000000000    0x65a4e Drivers/STM32F1xx_HAL_Driver/Src/stm32f1xx_hal.o
                                      0x65d92 (size before relaxing)
 .debug_str     0x0000000000065a4e      0x2e1 Drivers/STM32F1xx_HAL_Driver/Src/stm32f1xx_hal_cortex.o
                                      0x65d5b (size before relaxing)
 .debug_str     0x0000000000065d2f      0x3a3 Drivers/STM32F1xx_HAL_Driver/Src/stm32f1xx_hal_gpio.o
                                      0x65a86 (size before relaxing)
 .debug_str     0x00000000000660d2      0x817 Drivers/STM32F1xx_HAL_Driver/Src/stm32f1xx_hal_pcd.o
                                      0x65f01 (size before relaxing)
 .debug_str     0x00000000000668e9      0x170 Drivers/STM32F1xx_HAL_Driver/Src/stm32f1xx_hal_pcd_ex.o
                                      0x65b49 (size before relaxing)
 .debug_str     0x0000000000066a59      0x373 Drivers/STM32F1xx_HAL_Driver/Src/stm32f1xx_hal_rcc.o
                                      0x65ae6 (size before relaxing)
 .debug_str     0x0000000000066dcc      0x12b Drivers/STM32F1xx_HAL_Driver/Src/stm32f1xx_hal_rcc_ex.o
                                      0x6586d (size before relaxing)
 .debug_str     0x0000000000066ef7      0x19d Drivers/STM32F1xx_HAL_Driver/Src/stm32f1xx_ll_usb.o
                                      0x65bb3 (size before relaxing)
 .debug_str     0x0000000000067094     0x56f4 Middlewares/ST/STM32_USB_Device_Library/Class/CustomHID/Src/usbd_customhid.o
                                      0x6ae96 (size before relaxing)
 .debug_str     0x000000000006c788      0x294 Middlewares/ST/STM32_USB_Device_Library/Core/Src/usbd_core.o
                                      0x6ab5c (size before relaxing)
 .debug_str     0x000000000006ca1c      0x11b Middlewares/ST/STM32_USB_Device_Library/Core/Src/usbd_ctlreq.o
                                      0x6aa76 (size before relaxing)
 .debug_str     0x000000000006cb37       0x67 Middlewares/ST/STM32_USB_Device_Library/Core/Src/usbd_ioreq.o
                                      0x6a9a3 (size before relaxing)
 .debug_str     0x000000000006cb9e       0xeb Src/delay.o
                                      0x65739 (size before relaxing)
 .debug_str     0x000000000006cc89      0x1e5 Src/main.o
                                      0x6b03d (size before relaxing)
 .debug_str     0x000000000006ce6e       0x1b Src/stm32f1xx_hal_msp.o
                                      0x6592f (size before relaxing)
 .debug_str     0x000000000006ce89       0xcc Src/stm32f1xx_it.o
                                      0x65ce0 (size before relaxing)
 .debug_str     0x000000000006cf55       0x69 Src/system_stm32f1xx.o
                                      0x65737 (size before relaxing)
 .debug_str     0x000000000006cfbe       0xc8 Src/usb_device.o
                                      0x6ac4e (size before relaxing)
 .debug_str     0x000000000006d086       0x65 Src/usbd_conf.o
                                      0x6b6d3 (size before relaxing)
 .debug_str     0x000000000006d0eb       0x7e Src/usbd_custom_hid_if.o
                                      0x6ac72 (size before relaxing)
 .debug_str     0x000000000006d169      0x25e Src/usbd_desc.o
                                      0x6a8e5 (size before relaxing)
 .debug_str     0x000000000006d3c7       0x31 Startup/startup_stm32f103c8tx.o
                                         0x58 (size before relaxing)

.comment        0x0000000000000000       0x7b
 .comment       0x0000000000000000       0x7b Drivers/STM32F1xx_HAL_Driver/Src/stm32f1xx_hal.o
                                         0x7c (size before relaxing)
 .comment       0x000000000000007b       0x7c Drivers/STM32F1xx_HAL_Driver/Src/stm32f1xx_hal_cortex.o
 .comment       0x000000000000007b       0x7c Drivers/STM32F1xx_HAL_Driver/Src/stm32f1xx_hal_gpio.o
 .comment       0x000000000000007b       0x7c Drivers/STM32F1xx_HAL_Driver/Src/stm32f1xx_hal_pcd.o
 .comment       0x000000000000007b       0x7c Drivers/STM32F1xx_HAL_Driver/Src/stm32f1xx_hal_pcd_ex.o
 .comment       0x000000000000007b       0x7c Drivers/STM32F1xx_HAL_Driver/Src/stm32f1xx_hal_rcc.o
 .comment       0x000000000000007b       0x7c Drivers/STM32F1xx_HAL_Driver/Src/stm32f1xx_hal_rcc_ex.o
 .comment       0x000000000000007b       0x7c Drivers/STM32F1xx_HAL_Driver/Src/stm32f1xx_ll_usb.o
 .comment       0x000000000000007b       0x7c Middlewares/ST/STM32_USB_Device_Library/Class/CustomHID/Src/usbd_customhid.o
 .comment       0x000000000000007b       0x7c Middlewares/ST/STM32_USB_Device_Library/Core/Src/usbd_core.o
 .comment       0x000000000000007b       0x7c Middlewares/ST/STM32_USB_Device_Library/Core/Src/usbd_ctlreq.o
 .comment       0x000000000000007b       0x7c Middlewares/ST/STM32_USB_Device_Library/Core/Src/usbd_ioreq.o
 .comment       0x000000000000007b       0x7c Src/delay.o
 .comment       0x000000000000007b       0x7c Src/main.o
 .comment       0x000000000000007b       0x7c Src/stm32f1xx_hal_msp.o
 .comment       0x000000000000007b       0x7c Src/stm32f1xx_it.o
 .comment       0x000000000000007b       0x7c Src/system_stm32f1xx.o
 .comment       0x000000000000007b       0x7c Src/usb_device.o
 .comment       0x000000000000007b       0x7c Src/usbd_conf.o
 .comment       0x000000000000007b       0x7c Src/usbd_custom_hid_if.o
 .comment       0x000000000000007b       0x7c Src/usbd_desc.o

.debug_frame    0x0000000000000000     0x17bc
 .debug_frame   0x0000000000000000      0x1d4 Drivers/STM32F1xx_HAL_Driver/Src/stm32f1xx_hal.o
 .debug_frame   0x00000000000001d4      0x138 Drivers/STM32F1xx_HAL_Driver/Src/stm32f1xx_hal_cortex.o
 .debug_frame   0x000000000000030c      0x110 Drivers/STM32F1xx_HAL_Driver/Src/stm32f1xx_hal_gpio.o
 .debug_frame   0x000000000000041c      0x2f8 Drivers/STM32F1xx_HAL_Driver/Src/stm32f1xx_hal_pcd.o
 .debug_frame   0x0000000000000714       0x50 Drivers/STM32F1xx_HAL_Driver/Src/stm32f1xx_hal_pcd_ex.o
 .debug_frame   0x0000000000000764      0x1a0 Drivers/STM32F1xx_HAL_Driver/Src/stm32f1xx_hal_rcc.o
 .debug_frame   0x0000000000000904       0x78 Drivers/STM32F1xx_HAL_Driver/Src/stm32f1xx_hal_rcc_ex.o
 .debug_frame   0x000000000000097c      0x2b4 Drivers/STM32F1xx_HAL_Driver/Src/stm32f1xx_ll_usb.o
 .debug_frame   0x0000000000000c30      0x124 Middlewares/ST/STM32_USB_Device_Library/Class/CustomHID/Src/usbd_customhid.o
 .debug_frame   0x0000000000000d54      0x1c4 Middlewares/ST/STM32_USB_Device_Library/Core/Src/usbd_core.o
 .debug_frame   0x0000000000000f18       0xc0 Middlewares/ST/STM32_USB_Device_Library/Core/Src/usbd_ctlreq.o
 .debug_frame   0x0000000000000fd8       0xb8 Middlewares/ST/STM32_USB_Device_Library/Core/Src/usbd_ioreq.o
 .debug_frame   0x0000000000001090       0x20 Src/delay.o
 .debug_frame   0x00000000000010b0       0xb0 Src/main.o
 .debug_frame   0x0000000000001160       0x28 Src/stm32f1xx_hal_msp.o
 .debug_frame   0x0000000000001188       0xb0 Src/stm32f1xx_it.o
 .debug_frame   0x0000000000001238       0x3c Src/system_stm32f1xx.o
 .debug_frame   0x0000000000001274       0x30 Src/usb_device.o
 .debug_frame   0x00000000000012a4      0x28c Src/usbd_conf.o
 .debug_frame   0x0000000000001530       0x4c Src/usbd_custom_hid_if.o
 .debug_frame   0x000000000000157c       0xac Src/usbd_desc.o
 .debug_frame   0x0000000000001628       0x2c c:/st/stm32cubeide_1.0.2/stm32cubeide/plugins/com.st.stm32cube.ide.mcu.externaltools.gnu-tools-for-stm32.7-2018-q2-update.win32_1.0.0.201904181610/tools/bin/../lib/gcc/arm-none-eabi/7.3.1/../../../../arm-none-eabi/lib/thumb/v7-m\libc_nano.a(lib_a-init.o)
 .debug_frame   0x0000000000001654       0x28 c:/st/stm32cubeide_1.0.2/stm32cubeide/plugins/com.st.stm32cube.ide.mcu.externaltools.gnu-tools-for-stm32.7-2018-q2-update.win32_1.0.0.201904181610/tools/bin/../lib/gcc/arm-none-eabi/7.3.1/../../../../arm-none-eabi/lib/thumb/v7-m\libc_nano.a(lib_a-memmove.o)
 .debug_frame   0x000000000000167c       0x20 c:/st/stm32cubeide_1.0.2/stm32cubeide/plugins/com.st.stm32cube.ide.mcu.externaltools.gnu-tools-for-stm32.7-2018-q2-update.win32_1.0.0.201904181610/tools/bin/../lib/gcc/arm-none-eabi/7.3.1/../../../../arm-none-eabi/lib/thumb/v7-m\libc_nano.a(lib_a-memset.o)
 .debug_frame   0x000000000000169c       0xac c:/st/stm32cubeide_1.0.2/stm32cubeide/plugins/com.st.stm32cube.ide.mcu.externaltools.gnu-tools-for-stm32.7-2018-q2-update.win32_1.0.0.201904181610/tools/bin/../lib/gcc/arm-none-eabi/7.3.1/thumb/v7-m\libgcc.a(_arm_addsubdf3.o)
 .debug_frame   0x0000000000001748       0x50 c:/st/stm32cubeide_1.0.2/stm32cubeide/plugins/com.st.stm32cube.ide.mcu.externaltools.gnu-tools-for-stm32.7-2018-q2-update.win32_1.0.0.201904181610/tools/bin/../lib/gcc/arm-none-eabi/7.3.1/thumb/v7-m\libgcc.a(_arm_muldivdf3.o)
 .debug_frame   0x0000000000001798       0x24 c:/st/stm32cubeide_1.0.2/stm32cubeide/plugins/com.st.stm32cube.ide.mcu.externaltools.gnu-tools-for-stm32.7-2018-q2-update.win32_1.0.0.201904181610/tools/bin/../lib/gcc/arm-none-eabi/7.3.1/thumb/v7-m\libgcc.a(_arm_fixunsdfsi.o)
